Archive member included to satisfy reference by file (symbol)

/opt/st/stm32cubeide_1.7.0/plugins/com.st.stm32cube.ide.mcu.externaltools.gnu-tools-for-stm32.9-2020-q2-update.linux64_2.0.0.202105311346/tools/bin/../lib/gcc/arm-none-eabi/9.3.1/../../../../arm-none-eabi/lib/thumb/v7-m/nofp/libc_nano.a(lib_a-errno.o)
                              ./Core/Src/syscalls.o (__errno)
/opt/st/stm32cubeide_1.7.0/plugins/com.st.stm32cube.ide.mcu.externaltools.gnu-tools-for-stm32.9-2020-q2-update.linux64_2.0.0.202105311346/tools/bin/../lib/gcc/arm-none-eabi/9.3.1/../../../../arm-none-eabi/lib/thumb/v7-m/nofp/libc_nano.a(lib_a-exit.o)
                              /opt/st/stm32cubeide_1.7.0/plugins/com.st.stm32cube.ide.mcu.externaltools.gnu-tools-for-stm32.9-2020-q2-update.linux64_2.0.0.202105311346/tools/bin/../lib/gcc/arm-none-eabi/9.3.1/../../../../arm-none-eabi/lib/thumb/v7-m/nofp/crt0.o (exit)
/opt/st/stm32cubeide_1.7.0/plugins/com.st.stm32cube.ide.mcu.externaltools.gnu-tools-for-stm32.9-2020-q2-update.linux64_2.0.0.202105311346/tools/bin/../lib/gcc/arm-none-eabi/9.3.1/../../../../arm-none-eabi/lib/thumb/v7-m/nofp/libc_nano.a(lib_a-impure.o)
                              /opt/st/stm32cubeide_1.7.0/plugins/com.st.stm32cube.ide.mcu.externaltools.gnu-tools-for-stm32.9-2020-q2-update.linux64_2.0.0.202105311346/tools/bin/../lib/gcc/arm-none-eabi/9.3.1/../../../../arm-none-eabi/lib/thumb/v7-m/nofp/libc_nano.a(lib_a-exit.o) (_global_impure_ptr)
/opt/st/stm32cubeide_1.7.0/plugins/com.st.stm32cube.ide.mcu.externaltools.gnu-tools-for-stm32.9-2020-q2-update.linux64_2.0.0.202105311346/tools/bin/../lib/gcc/arm-none-eabi/9.3.1/../../../../arm-none-eabi/lib/thumb/v7-m/nofp/libc_nano.a(lib_a-init.o)
                              /opt/st/stm32cubeide_1.7.0/plugins/com.st.stm32cube.ide.mcu.externaltools.gnu-tools-for-stm32.9-2020-q2-update.linux64_2.0.0.202105311346/tools/bin/../lib/gcc/arm-none-eabi/9.3.1/../../../../arm-none-eabi/lib/thumb/v7-m/nofp/crt0.o (__libc_init_array)
/opt/st/stm32cubeide_1.7.0/plugins/com.st.stm32cube.ide.mcu.externaltools.gnu-tools-for-stm32.9-2020-q2-update.linux64_2.0.0.202105311346/tools/bin/../lib/gcc/arm-none-eabi/9.3.1/../../../../arm-none-eabi/lib/thumb/v7-m/nofp/libc_nano.a(lib_a-memset.o)
                              /opt/st/stm32cubeide_1.7.0/plugins/com.st.stm32cube.ide.mcu.externaltools.gnu-tools-for-stm32.9-2020-q2-update.linux64_2.0.0.202105311346/tools/bin/../lib/gcc/arm-none-eabi/9.3.1/../../../../arm-none-eabi/lib/thumb/v7-m/nofp/crt0.o (memset)
/opt/st/stm32cubeide_1.7.0/plugins/com.st.stm32cube.ide.mcu.externaltools.gnu-tools-for-stm32.9-2020-q2-update.linux64_2.0.0.202105311346/tools/bin/../lib/gcc/arm-none-eabi/9.3.1/../../../../arm-none-eabi/lib/thumb/v7-m/nofp/libc_nano.a(lib_a-sprintf.o)
                              ./Core/Src/menu.o (sprintf)
/opt/st/stm32cubeide_1.7.0/plugins/com.st.stm32cube.ide.mcu.externaltools.gnu-tools-for-stm32.9-2020-q2-update.linux64_2.0.0.202105311346/tools/bin/../lib/gcc/arm-none-eabi/9.3.1/../../../../arm-none-eabi/lib/thumb/v7-m/nofp/libc_nano.a(lib_a-nano-svfprintf.o)
                              /opt/st/stm32cubeide_1.7.0/plugins/com.st.stm32cube.ide.mcu.externaltools.gnu-tools-for-stm32.9-2020-q2-update.linux64_2.0.0.202105311346/tools/bin/../lib/gcc/arm-none-eabi/9.3.1/../../../../arm-none-eabi/lib/thumb/v7-m/nofp/libc_nano.a(lib_a-sprintf.o) (_svfprintf_r)
/opt/st/stm32cubeide_1.7.0/plugins/com.st.stm32cube.ide.mcu.externaltools.gnu-tools-for-stm32.9-2020-q2-update.linux64_2.0.0.202105311346/tools/bin/../lib/gcc/arm-none-eabi/9.3.1/../../../../arm-none-eabi/lib/thumb/v7-m/nofp/libc_nano.a(lib_a-nano-vfprintf_i.o)
                              /opt/st/stm32cubeide_1.7.0/plugins/com.st.stm32cube.ide.mcu.externaltools.gnu-tools-for-stm32.9-2020-q2-update.linux64_2.0.0.202105311346/tools/bin/../lib/gcc/arm-none-eabi/9.3.1/../../../../arm-none-eabi/lib/thumb/v7-m/nofp/libc_nano.a(lib_a-nano-svfprintf.o) (_printf_i)
/opt/st/stm32cubeide_1.7.0/plugins/com.st.stm32cube.ide.mcu.externaltools.gnu-tools-for-stm32.9-2020-q2-update.linux64_2.0.0.202105311346/tools/bin/../lib/gcc/arm-none-eabi/9.3.1/../../../../arm-none-eabi/lib/thumb/v7-m/nofp/libc_nano.a(lib_a-memchr-stub.o)
                              /opt/st/stm32cubeide_1.7.0/plugins/com.st.stm32cube.ide.mcu.externaltools.gnu-tools-for-stm32.9-2020-q2-update.linux64_2.0.0.202105311346/tools/bin/../lib/gcc/arm-none-eabi/9.3.1/../../../../arm-none-eabi/lib/thumb/v7-m/nofp/libc_nano.a(lib_a-nano-svfprintf.o) (memchr)
/opt/st/stm32cubeide_1.7.0/plugins/com.st.stm32cube.ide.mcu.externaltools.gnu-tools-for-stm32.9-2020-q2-update.linux64_2.0.0.202105311346/tools/bin/../lib/gcc/arm-none-eabi/9.3.1/../../../../arm-none-eabi/lib/thumb/v7-m/nofp/libc_nano.a(lib_a-memcpy-stub.o)
[...]
Memory Configuration

Name             Origin             Length             Attributes
RAM              0x0000000020000000 0x0000000000005000 xrw
FLASH            0x0000000008000000 0x0000000000010000 xr
*default*        0x0000000000000000 0xffffffffffffffff

Linker script and memory map

LOAD /opt/st/stm32cubeide_1.7.0/plugins/com.st.stm32cube.ide.mcu.externaltools.gnu-tools-for-stm32.9-2020-q2-update.linux64_2.0.0.202105311346/tools/bin/../lib/gcc/arm-none-eabi/9.3.1/thumb/v7-m/nofp/crti.o
LOAD /opt/st/stm32cubeide_1.7.0/plugins/com.st.stm32cube.ide.mcu.externaltools.gnu-tools-for-stm32.9-2020-q2-update.linux64_2.0.0.202105311346/tools/bin/../lib/gcc/arm-none-eabi/9.3.1/thumb/v7-m/nofp/crtbegin.o
LOAD /opt/st/stm32cubeide_1.7.0/plugins/com.st.stm32cube.ide.mcu.externaltools.gnu-tools-for-stm32.9-2020-q2-update.linux64_2.0.0.202105311346/tools/bin/../lib/gcc/arm-none-eabi/9.3.1/../../../../arm-none-eabi/lib/thumb/v7-m/nofp/crt0.o
LOAD ./Core/Src/dds.o
LOAD ./Core/Src/dma.o
LOAD ./Core/Src/gpio.o
LOAD ./Core/Src/i2c.o
LOAD ./Core/Src/main.o
LOAD ./Core/Src/menu.o
LOAD ./Core/Src/rotary_encoder.o
LOAD ./Core/Src/ssd1306.o
LOAD ./Core/Src/ssd1306_font.o
LOAD ./Core/Src/stm32f1xx_hal_msp.o
LOAD ./Core/Src/stm32f1xx_it.o
LOAD ./Core/Src/syscalls.o
LOAD ./Core/Src/sysmem.o
LOAD ./Core/Src/system_stm32f1xx.o
LOAD ./Core/Src/tim.o
LOAD ./Core/Startup/startup_stm32f103c8tx.o
LOAD ./Drivers/STM32F1xx_HAL_Driver/Src/stm32f1xx_hal.o
LOAD ./Drivers/STM32F1xx_HAL_Driver/Src/stm32f1xx_hal_cortex.o
LOAD ./Drivers/STM32F1xx_HAL_Driver/Src/stm32f1xx_hal_dma.o
LOAD ./Drivers/STM32F1xx_HAL_Driver/Src/stm32f1xx_hal_exti.o
LOAD ./Drivers/STM32F1xx_HAL_Driver/Src/stm32f1xx_hal_flash.o
LOAD ./Drivers/STM32F1xx_HAL_Driver/Src/stm32f1xx_hal_flash_ex.o
LOAD ./Drivers/STM32F1xx_HAL_Driver/Src/stm32f1xx_hal_gpio.o
LOAD ./Drivers/STM32F1xx_HAL_Driver/Src/stm32f1xx_hal_gpio_ex.o
LOAD ./Drivers/STM32F1xx_HAL_Driver/Src/stm32f1xx_hal_i2c.o
LOAD ./Drivers/STM32F1xx_HAL_Driver/Src/stm32f1xx_hal_pwr.o
LOAD ./Drivers/STM32F1xx_HAL_Driver/Src/stm32f1xx_hal_rcc.o
LOAD ./Drivers/STM32F1xx_HAL_Driver/Src/stm32f1xx_hal_rcc_ex.o
LOAD ./Drivers/STM32F1xx_HAL_Driver/Src/stm32f1xx_hal_tim.o
LOAD ./Drivers/STM32F1xx_HAL_Driver/Src/stm32f1xx_hal_tim_ex.o
START GROUP
LOAD /opt/st/stm32cubeide_1.7.0/plugins/com.st.stm32cube.ide.mcu.externaltools.gnu-tools-for-stm32.9-2020-q2-update.linux64_2.0.0.202105311346/tools/bin/../lib/gcc/arm-none-eabi/9.3.1/../../../../arm-none-eabi/lib/thumb/v7-m/nofp/libc_nano.a
LOAD /opt/st/stm32cubeide_1.7.0/plugins/com.st.stm32cube.ide.mcu.externaltools.gnu-tools-for-stm32.9-2020-q2-update.linux64_2.0.0.202105311346/tools/bin/../lib/gcc/arm-none-eabi/9.3.1/../../../../arm-none-eabi/lib/thumb/v7-m/nofp/libm.a
END GROUP
START GROUP
LOAD /opt/st/stm32cubeide_1.7.0/plugins/com.st.stm32cube.ide.mcu.externaltools.gnu-tools-for-stm32.9-2020-q2-update.linux64_2.0.0.202105311346/tools/bin/../lib/gcc/arm-none-eabi/9.3.1/thumb/v7-m/nofp/libgcc.a
LOAD /opt/st/stm32cubeide_1.7.0/plugins/com.st.stm32cube.ide.mcu.externaltools.gnu-tools-for-stm32.9-2020-q2-update.linux64_2.0.0.202105311346/tools/bin/../lib/gcc/arm-none-eabi/9.3.1/../../../../arm-none-eabi/lib/thumb/v7-m/nofp/libc_nano.a
END GROUP
START GROUP
LOAD /opt/st/stm32cubeide_1.7.0/plugins/com.st.stm32cube.ide.mcu.externaltools.gnu-tools-for-stm32.9-2020-q2-update.linux64_2.0.0.202105311346/tools/bin/../lib/gcc/arm-none-eabi/9.3.1/thumb/v7-m/nofp/libgcc.a
LOAD /opt/st/stm32cubeide_1.7.0/plugins/com.st.stm32cube.ide.mcu.externaltools.gnu-tools-for-stm32.9-2020-q2-update.linux64_2.0.0.202105311346/tools/bin/../lib/gcc/arm-none-eabi/9.3.1/../../../../arm-none-eabi/lib/thumb/v7-m/nofp/libc_nano.a
LOAD /opt/st/stm32cubeide_1.7.0/plugins/com.st.stm32cube.ide.mcu.externaltools.gnu-tools-for-stm32.9-2020-q2-update.linux64_2.0.0.202105311346/tools/bin/../lib/gcc/arm-none-eabi/9.3.1/../../../../arm-none-eabi/lib/thumb/v7-m/nofp/libnosys.a
END GROUP
START GROUP
LOAD /opt/st/stm32cubeide_1.7.0/plugins/com.st.stm32cube.ide.mcu.externaltools.gnu-tools-for-stm32.9-2020-q2-update.linux64_2.0.0.202105311346/tools/bin/../lib/gcc/arm-none-eabi/9.3.1/thumb/v7-m/nofp/libgcc.a
LOAD /opt/st/stm32cubeide_1.7.0/plugins/com.st.stm32cube.ide.mcu.externaltools.gnu-tools-for-stm32.9-2020-q2-update.linux64_2.0.0.202105311346/tools/bin/../lib/gcc/arm-none-eabi/9.3.1/../../../../arm-none-eabi/lib/thumb/v7-m/nofp/libc_nano.a
LOAD /opt/st/stm32cubeide_1.7.0/plugins/com.st.stm32cube.ide.mcu.externaltools.gnu-tools-for-stm32.9-2020-q2-update.linux64_2.0.0.202105311346/tools/bin/../lib/gcc/arm-none-eabi/9.3.1/../../../../arm-none-eabi/lib/thumb/v7-m/nofp/libnosys.a
END GROUP
LOAD /opt/st/stm32cubeide_1.7.0/plugins/com.st.stm32cube.ide.mcu.externaltools.gnu-tools-for-stm32.9-2020-q2-update.linux64_2.0.0.202105311346/tools/bin/../lib/gcc/arm-none-eabi/9.3.1/thumb/v7-m/nofp/crtend.o
LOAD /opt/st/stm32cubeide_1.7.0/plugins/com.st.stm32cube.ide.mcu.externaltools.gnu-tools-for-stm32.9-2020-q2-update.linux64_2.0.0.202105311346/tools/bin/../lib/gcc/arm-none-eabi/9.3.1/thumb/v7-m/nofp/crtn.o
                0x0000000020005000                _estack = (ORIGIN (RAM) + LENGTH (RAM))
                0x0000000000000200                _Min_Heap_Size = 0x200
                0x0000000000000400                _Min_Stack_Size = 0x400

.isr_vector     0x0000000008000000      0x10c
                0x0000000008000000                . = ALIGN (0x4)
 *(.isr_vector)
 .isr_vector    0x0000000008000000      0x10c ./Core/Startup/startup_stm32f103c8tx.o
                0x0000000008000000                g_pfnVectors
                0x000000000800010c                . = ALIGN (0x4)

.text           0x000000000800010c     0x5334
                0x000000000800010c                . = ALIGN (0x4)
 *(.text)
 .text          0x000000000800010c       0x40 /opt/st/stm32cubeide_1.7.0/plugins/com.st.stm32cube.ide.mcu.externaltools.gnu-tools-for-stm32.9-2020-q2-update.linux64_2.0.0.202105311346/tools/bin/../lib/gcc/arm-none-eabi/9.3.1/thumb/v7-m/nofp/crtbegin.o
 *(.text*)
 .text.DDS_Init
                0x000000000800014c       0x78 ./Core/Src/dds.o
                0x000000000800014c                DDS_Init
 .text.DDS_Start
                0x00000000080001c4       0x60 ./Core/Src/dds.o
                0x00000000080001c4                DDS_Start
 .text.DDS_Stop
                0x0000000008000224       0x40 ./Core/Src/dds.o
                0x0000000008000224                DDS_Stop
 .text.DDS_Update
                0x0000000008000264      0x170 ./Core/Src/dds.o
                0x0000000008000264                DDS_Update
 .text.DDS_ChangeFrequency
                0x00000000080003d4       0x30 ./Core/Src/dds.o
                0x00000000080003d4                DDS_ChangeFrequency
 .text.DDS_ChangeAmplitude
                0x0000000008000404       0x40 ./Core/Src/dds.o
                0x0000000008000404                DDS_ChangeAmplitude
 .text.DDS_ChangeWaveform
                0x0000000008000444       0x36 ./Core/Src/dds.o
                0x0000000008000444                DDS_ChangeWaveform
 *fill*         0x000000000800047a        0x2 
 .text.MX_DMA_Init
                0x000000000800047c       0x3c ./Core/Src/dma.o
                0x000000000800047c                MX_DMA_Init
 .text.MX_GPIO_Init
                0x00000000080004b8       0xd8 ./Core/Src/gpio.o
                0x00000000080004b8                MX_GPIO_Init
 .text.MX_I2C1_Init
                0x0000000008000590       0x5c ./Core/Src/i2c.o
                0x0000000008000590                MX_I2C1_Init
 .text.HAL_I2C_MspInit
                0x00000000080005ec       0x7c ./Core/Src/i2c.o
                0x00000000080005ec                HAL_I2C_MspInit
 .text.main     0x0000000008000668      0x138 ./Core/Src/main.o
                0x0000000008000668                main
 .text.SystemClock_Config
                0x00000000080007a0       0x8a ./Core/Src/main.o
                0x00000000080007a0                SystemClock_Config
 *fill*         0x000000000800082a        0x2 
 .text.HAL_TIM_PeriodElapsedCallback
                0x000000000800082c       0xd4 ./Core/Src/main.o
                0x000000000800082c                HAL_TIM_PeriodElapsedCallback
 .text.Error_Handler
                0x0000000008000900        0xa ./Core/Src/main.o
                0x0000000008000900                Error_Handler
 .text.Menu_Init
                0x000000000800090a       0x3a ./Core/Src/menu.o
                0x000000000800090a                Menu_Init
 .text.Menu_Update
                0x0000000008000944       0x38 ./Core/Src/menu.o
                0x0000000008000944                Menu_Update
 .text.Menu_NextState
                0x000000000800097c      0x11c ./Core/Src/menu.o
                0x000000000800097c                Menu_NextState
 .text.Menu_UpdateDDS
                0x0000000008000a98      0x200 ./Core/Src/menu.o
                0x0000000008000a98                Menu_UpdateDDS
 .text.Menu_UpdateDisplay
                0x0000000008000c98      0x258 ./Core/Src/menu.o
                0x0000000008000c98                Menu_UpdateDisplay
 .text.RotaryEncoder_Init
                0x0000000008000ef0       0x50 ./Core/Src/rotary_encoder.o
                0x0000000008000ef0                RotaryEncoder_Init
 .text.SSD1306_Init
                0x0000000008000f40      0x3c6 ./Core/Src/ssd1306.o
                0x0000000008000f40                SSD1306_Init
 .text.SSD1306_UpdateScreen
                0x0000000008001306       0x7c ./Core/Src/ssd1306.o
                0x0000000008001306                SSD1306_UpdateScreen
 .text.SSD1306_SetCursor
                0x0000000008001382       0x3a ./Core/Src/ssd1306.o
                0x0000000008001382                SSD1306_SetCursor
 .text.SSD1306_ClearBuffer
                0x00000000080013bc       0x32 ./Core/Src/ssd1306.o
                0x00000000080013bc                SSD1306_ClearBuffer
 .text.SSD1306_SetPixelState
                0x00000000080013ee       0xb4 ./Core/Src/ssd1306.o
                0x00000000080013ee                SSD1306_SetPixelState
 .text.SSD1306_WriteChar
                0x00000000080014a2       0xee ./Core/Src/ssd1306.o
                0x00000000080014a2                SSD1306_WriteChar
 .text.SSD1306_WriteString
                0x0000000008001590       0x2e ./Core/Src/ssd1306.o
                0x0000000008001590                SSD1306_WriteString
 .text.SSD1306_FillRegion
                0x00000000080015be       0x82 ./Core/Src/ssd1306.o
                0x00000000080015be                SSD1306_FillRegion
 .text.SSD1306_InvertRegion
                0x0000000008001640       0xb8 ./Core/Src/ssd1306.o
                0x0000000008001640                SSD1306_InvertRegion
 .text.SSD1306_WriteCommand
                0x00000000080016f8       0x32 ./Core/Src/ssd1306.o
                0x00000000080016f8                SSD1306_WriteCommand
 .text.SSD1306_WriteData
                0x000000000800172a       0x36 ./Core/Src/ssd1306.o
                0x000000000800172a                SSD1306_WriteData
 .text.HAL_MspInit
                0x0000000008001760       0x64 ./Core/Src/stm32f1xx_hal_msp.o
                0x0000000008001760                HAL_MspInit
 .text.NMI_Handler
                0x00000000080017c4        0x6 ./Core/Src/stm32f1xx_it.o
                0x00000000080017c4                NMI_Handler
 .text.HardFault_Handler
                0x00000000080017ca        0x6 ./Core/Src/stm32f1xx_it.o
                0x00000000080017ca                HardFault_Handler
 .text.MemManage_Handler
                0x00000000080017d0        0x6 ./Core/Src/stm32f1xx_it.o
                0x00000000080017d0                MemManage_Handler
 .text.BusFault_Handler
                0x00000000080017d6        0x6 ./Core/Src/stm32f1xx_it.o
                0x00000000080017d6                BusFault_Handler
 .text.UsageFault_Handler
                0x00000000080017dc        0x6 ./Core/Src/stm32f1xx_it.o
                0x00000000080017dc                UsageFault_Handler
 .text.SVC_Handler
                0x00000000080017e2        0xc ./Core/Src/stm32f1xx_it.o
                0x00000000080017e2                SVC_Handler
 .text.DebugMon_Handler
                0x00000000080017ee        0xc ./Core/Src/stm32f1xx_it.o
                0x00000000080017ee                DebugMon_Handler
 .text.PendSV_Handler
                0x00000000080017fa        0xc ./Core/Src/stm32f1xx_it.o
                0x00000000080017fa                PendSV_Handler
 .text.SysTick_Handler
                0x0000000008001806        0xc ./Core/Src/stm32f1xx_it.o
                0x0000000008001806                SysTick_Handler
 *fill*         0x0000000008001812        0x2 
 .text.DMA1_Channel2_IRQHandler
                0x0000000008001814       0x14 ./Core/Src/stm32f1xx_it.o
                0x0000000008001814                DMA1_Channel2_IRQHandler
 .text.TIM3_IRQHandler
                0x0000000008001828       0x14 ./Core/Src/stm32f1xx_it.o
                0x0000000008001828                TIM3_IRQHandler
 .text._sbrk    0x000000000800183c       0x6c ./Core/Src/sysmem.o
                0x000000000800183c                _sbrk
 .text.SystemInit
                0x00000000080018a8        0xc ./Core/Src/system_stm32f1xx.o
                0x00000000080018a8                SystemInit
 .text.MX_TIM1_Init
                0x00000000080018b4       0xb0 ./Core/Src/tim.o
                0x00000000080018b4                MX_TIM1_Init
 .text.MX_TIM2_Init
                0x0000000008001964       0x98 ./Core/Src/tim.o
                0x0000000008001964                MX_TIM2_Init
 .text.MX_TIM3_Init
                0x00000000080019fc       0x9c ./Core/Src/tim.o
                0x00000000080019fc                MX_TIM3_Init
 .text.MX_TIM4_Init
                0x0000000008001a98       0xb4 ./Core/Src/tim.o
                0x0000000008001a98                MX_TIM4_Init
 .text.HAL_TIM_Encoder_MspInit
                0x0000000008001b4c       0x80 ./Core/Src/tim.o
                0x0000000008001b4c                HAL_TIM_Encoder_MspInit
 .text.HAL_TIM_Base_MspInit
                0x0000000008001bcc       0xc4 ./Core/Src/tim.o
                0x0000000008001bcc                HAL_TIM_Base_MspInit
 .text.HAL_TIM_PWM_MspInit
                0x0000000008001c90       0x3c ./Core/Src/tim.o
                0x0000000008001c90                HAL_TIM_PWM_MspInit
 .text.HAL_TIM_MspPostInit
                0x0000000008001ccc       0x68 ./Core/Src/tim.o
                0x0000000008001ccc                HAL_TIM_MspPostInit
 .text.Reset_Handler
                0x0000000008001d34       0x48 ./Core/Startup/startup_stm32f103c8tx.o
                0x0000000008001d34                Reset_Handler
 .text.Default_Handler
                0x0000000008001d7c        0x2 ./Core/Startup/startup_stm32f103c8tx.o
                0x0000000008001d7c                RTC_Alarm_IRQHandler
                0x0000000008001d7c                EXTI2_IRQHandler
                0x0000000008001d7c                TIM1_CC_IRQHandler
                0x0000000008001d7c                PVD_IRQHandler
                0x0000000008001d7c                EXTI3_IRQHandler
                0x0000000008001d7c                EXTI0_IRQHandler
                0x0000000008001d7c                I2C2_EV_IRQHandler
                0x0000000008001d7c                ADC1_2_IRQHandler
                0x0000000008001d7c                SPI1_IRQHandler
                0x0000000008001d7c                TAMPER_IRQHandler
                0x0000000008001d7c                DMA1_Channel4_IRQHandler
                0x0000000008001d7c                USART3_IRQHandler
                0x0000000008001d7c                RTC_IRQHandler
                0x0000000008001d7c                DMA1_Channel7_IRQHandler
                0x0000000008001d7c                CAN1_RX1_IRQHandler
                0x0000000008001d7c                TIM4_IRQHandler
                0x0000000008001d7c                I2C1_EV_IRQHandler
                0x0000000008001d7c                DMA1_Channel6_IRQHandler
                0x0000000008001d7c                RCC_IRQHandler
                0x0000000008001d7c                TIM1_TRG_COM_IRQHandler
                0x0000000008001d7c                DMA1_Channel1_IRQHandler
                0x0000000008001d7c                Default_Handler
                0x0000000008001d7c                EXTI15_10_IRQHandler
                0x0000000008001d7c                EXTI9_5_IRQHandler
                0x0000000008001d7c                SPI2_IRQHandler
                0x0000000008001d7c                DMA1_Channel5_IRQHandler
                0x0000000008001d7c                EXTI4_IRQHandler
                0x0000000008001d7c                USB_LP_CAN1_RX0_IRQHandler
                0x0000000008001d7c                USB_HP_CAN1_TX_IRQHandler
                0x0000000008001d7c                DMA1_Channel3_IRQHandler
                0x0000000008001d7c                TIM1_UP_IRQHandler
                0x0000000008001d7c                WWDG_IRQHandler
                0x0000000008001d7c                TIM2_IRQHandler
                0x0000000008001d7c                TIM1_BRK_IRQHandler
                0x0000000008001d7c                EXTI1_IRQHandler
                0x0000000008001d7c                USART2_IRQHandler
                0x0000000008001d7c                I2C2_ER_IRQHandler
                0x0000000008001d7c                CAN1_SCE_IRQHandler
                0x0000000008001d7c                FLASH_IRQHandler
                0x0000000008001d7c                USART1_IRQHandler
                0x0000000008001d7c                I2C1_ER_IRQHandler
                0x0000000008001d7c                USBWakeUp_IRQHandler
 *fill*         0x0000000008001d7e        0x2 
 .text.HAL_Init
                0x0000000008001d80       0x2c ./Drivers/STM32F1xx_HAL_Driver/Src/stm32f1xx_hal.o
                0x0000000008001d80                HAL_Init
 .text.HAL_InitTick
                0x0000000008001dac       0x60 ./Drivers/STM32F1xx_HAL_Driver/Src/stm32f1xx_hal.o
                0x0000000008001dac                HAL_InitTick
 .text.HAL_IncTick
                0x0000000008001e0c       0x24 ./Drivers/STM32F1xx_HAL_Driver/Src/stm32f1xx_hal.o
                0x0000000008001e0c                HAL_IncTick
 .text.HAL_GetTick
                0x0000000008001e30       0x14 ./Drivers/STM32F1xx_HAL_Driver/Src/stm32f1xx_hal.o
                0x0000000008001e30                HAL_GetTick
 .text.__NVIC_SetPriorityGrouping
                0x0000000008001e44       0x48 ./Drivers/STM32F1xx_HAL_Driver/Src/stm32f1xx_hal_cortex.o
 .text.__NVIC_GetPriorityGrouping
                0x0000000008001e8c       0x1c ./Drivers/STM32F1xx_HAL_Driver/Src/stm32f1xx_hal_cortex.o
 .text.__NVIC_EnableIRQ
                0x0000000008001ea8       0x38 ./Drivers/STM32F1xx_HAL_Driver/Src/stm32f1xx_hal_cortex.o
 .text.__NVIC_SetPriority
                0x0000000008001ee0       0x54 ./Drivers/STM32F1xx_HAL_Driver/Src/stm32f1xx_hal_cortex.o
 .text.NVIC_EncodePriority
                0x0000000008001f34       0x64 ./Drivers/STM32F1xx_HAL_Driver/Src/stm32f1xx_hal_cortex.o
 .text.SysTick_Config
                0x0000000008001f98       0x44 ./Drivers/STM32F1xx_HAL_Driver/Src/stm32f1xx_hal_cortex.o
 .text.HAL_NVIC_SetPriorityGrouping
                0x0000000008001fdc       0x16 ./Drivers/STM32F1xx_HAL_Driver/Src/stm32f1xx_hal_cortex.o
                0x0000000008001fdc                HAL_NVIC_SetPriorityGrouping
 .text.HAL_NVIC_SetPriority
                0x0000000008001ff2       0x38 ./Drivers/STM32F1xx_HAL_Driver/Src/stm32f1xx_hal_cortex.o
                0x0000000008001ff2                HAL_NVIC_SetPriority
 .text.HAL_NVIC_EnableIRQ
                0x000000000800202a       0x1c ./Drivers/STM32F1xx_HAL_Driver/Src/stm32f1xx_hal_cortex.o
                0x000000000800202a                HAL_NVIC_EnableIRQ
 .text.HAL_SYSTICK_Config
                0x0000000008002046       0x18 ./Drivers/STM32F1xx_HAL_Driver/Src/stm32f1xx_hal_cortex.o
                0x0000000008002046                HAL_SYSTICK_Config
 *fill*         0x000000000800205e        0x2 
 .text.HAL_DMA_Init
                0x0000000008002060       0xb4 ./Drivers/STM32F1xx_HAL_Driver/Src/stm32f1xx_hal_dma.o
                0x0000000008002060                HAL_DMA_Init
 .text.HAL_DMA_Start
                0x0000000008002114       0x84 ./Drivers/STM32F1xx_HAL_Driver/Src/stm32f1xx_hal_dma.o
                0x0000000008002114                HAL_DMA_Start
 .text.HAL_DMA_Abort
                0x0000000008002198       0x74 ./Drivers/STM32F1xx_HAL_Driver/Src/stm32f1xx_hal_dma.o
                0x0000000008002198                HAL_DMA_Abort
 .text.HAL_DMA_IRQHandler
                0x000000000800220c      0x20c ./Drivers/STM32F1xx_HAL_Driver/Src/stm32f1xx_hal_dma.o
                0x000000000800220c                HAL_DMA_IRQHandler
 .text.DMA_SetConfig
                0x0000000008002418       0x5a ./Drivers/STM32F1xx_HAL_Driver/Src/stm32f1xx_hal_dma.o
 *fill*         0x0000000008002472        0x2 
 .text.HAL_GPIO_Init
                0x0000000008002474      0x308 ./Drivers/STM32F1xx_HAL_Driver/Src/stm32f1xx_hal_gpio.o
                0x0000000008002474                HAL_GPIO_Init
 .text.HAL_GPIO_ReadPin
                0x000000000800277c       0x2e ./Drivers/STM32F1xx_HAL_Driver/Src/stm32f1xx_hal_gpio.o
                0x000000000800277c                HAL_GPIO_ReadPin
 .text.HAL_GPIO_WritePin
                0x00000000080027aa       0x30 ./Drivers/STM32F1xx_HAL_Driver/Src/stm32f1xx_hal_gpio.o
                0x00000000080027aa                HAL_GPIO_WritePin
 *fill*         0x00000000080027da        0x2 
 .text.HAL_I2C_Init
                0x00000000080027dc      0x288 ./Drivers/STM32F1xx_HAL_Driver/Src/stm32f1xx_hal_i2c.o
                0x00000000080027dc                HAL_I2C_Init
 .text.HAL_I2C_Mem_Write
                0x0000000008002a64      0x1f4 ./Drivers/STM32F1xx_HAL_Driver/Src/stm32f1xx_hal_i2c.o
                0x0000000008002a64                HAL_I2C_Mem_Write
 .text.I2C_RequestMemoryWrite
                0x0000000008002c58      0x12c ./Drivers/STM32F1xx_HAL_Driver/Src/stm32f1xx_hal_i2c.o
 .text.I2C_WaitOnFlagUntilTimeout
                0x0000000008002d84       0xae ./Drivers/STM32F1xx_HAL_Driver/Src/stm32f1xx_hal_i2c.o
 .text.I2C_WaitOnMasterAddressFlagUntilTimeout
                0x0000000008002e32       0xfe ./Drivers/STM32F1xx_HAL_Driver/Src/stm32f1xx_hal_i2c.o
 .text.I2C_WaitOnTXEFlagUntilTimeout
                0x0000000008002f30       0x82 ./Drivers/STM32F1xx_HAL_Driver/Src/stm32f1xx_hal_i2c.o
 .text.I2C_WaitOnBTFFlagUntilTimeout
                0x0000000008002fb2       0x82 ./Drivers/STM32F1xx_HAL_Driver/Src/stm32f1xx_hal_i2c.o
 .text.I2C_IsAcknowledgeFailed
                0x0000000008003034       0x5c ./Drivers/STM32F1xx_HAL_Driver/Src/stm32f1xx_hal_i2c.o
 .text.HAL_RCC_OscConfig
                0x0000000008003090      0x500 ./Drivers/STM32F1xx_HAL_Driver/Src/stm32f1xx_hal_rcc.o
                0x0000000008003090                HAL_RCC_OscConfig
 .text.HAL_RCC_ClockConfig
                0x0000000008003590      0x1d4 ./Drivers/STM32F1xx_HAL_Driver/Src/stm32f1xx_hal_rcc.o
                0x0000000008003590                HAL_RCC_ClockConfig
 .text.HAL_RCC_GetSysClockFreq
                0x0000000008003764       0xc0 ./Drivers/STM32F1xx_HAL_Driver/Src/stm32f1xx_hal_rcc.o
                0x0000000008003764                HAL_RCC_GetSysClockFreq
 .text.HAL_RCC_GetHCLKFreq
                0x0000000008003824       0x14 ./Drivers/STM32F1xx_HAL_Driver/Src/stm32f1xx_hal_rcc.o
                0x0000000008003824                HAL_RCC_GetHCLKFreq
 .text.HAL_RCC_GetPCLK1Freq
                0x0000000008003838       0x28 ./Drivers/STM32F1xx_HAL_Driver/Src/stm32f1xx_hal_rcc.o
                0x0000000008003838                HAL_RCC_GetPCLK1Freq
 .text.RCC_Delay
                0x0000000008003860       0x3c ./Drivers/STM32F1xx_HAL_Driver/Src/stm32f1xx_hal_rcc.o
 .text.HAL_TIM_Base_Init
                0x000000000800389c       0x9e ./Drivers/STM32F1xx_HAL_Driver/Src/stm32f1xx_hal_tim.o
                0x000000000800389c                HAL_TIM_Base_Init
 *fill*         0x000000000800393a        0x2 
 .text.HAL_TIM_Base_Start
                0x000000000800393c       0x94 ./Drivers/STM32F1xx_HAL_Driver/Src/stm32f1xx_hal_tim.o
                0x000000000800393c                HAL_TIM_Base_Start
 .text.HAL_TIM_Base_Stop
                0x00000000080039d0       0x4c ./Drivers/STM32F1xx_HAL_Driver/Src/stm32f1xx_hal_tim.o
                0x00000000080039d0                HAL_TIM_Base_Stop
 .text.HAL_TIM_Base_Start_IT
                0x0000000008003a1c       0xa4 ./Drivers/STM32F1xx_HAL_Driver/Src/stm32f1xx_hal_tim.o
                0x0000000008003a1c                HAL_TIM_Base_Start_IT
 .text.HAL_TIM_PWM_Init
                0x0000000008003ac0       0x9e ./Drivers/STM32F1xx_HAL_Driver/Src/stm32f1xx_hal_tim.o
                0x0000000008003ac0                HAL_TIM_PWM_Init
 *fill*         0x0000000008003b5e        0x2 
 .text.HAL_TIM_PWM_Start
                0x0000000008003b60      0x144 ./Drivers/STM32F1xx_HAL_Driver/Src/stm32f1xx_hal_tim.o
                0x0000000008003b60                HAL_TIM_PWM_Start
 .text.HAL_TIM_PWM_Stop
                0x0000000008003ca4       0xc8 ./Drivers/STM32F1xx_HAL_Driver/Src/stm32f1xx_hal_tim.o
                0x0000000008003ca4                HAL_TIM_PWM_Stop
 .text.HAL_TIM_Encoder_Init
                0x0000000008003d6c      0x144 ./Drivers/STM32F1xx_HAL_Driver/Src/stm32f1xx_hal_tim.o
                0x0000000008003d6c                HAL_TIM_Encoder_Init
 .text.HAL_TIM_Encoder_Start
                0x0000000008003eb0      0x11c ./Drivers/STM32F1xx_HAL_Driver/Src/stm32f1xx_hal_tim.o
                0x0000000008003eb0                HAL_TIM_Encoder_Start
 .text.HAL_TIM_IRQHandler
                0x0000000008003fcc      0x210 ./Drivers/STM32F1xx_HAL_Driver/Src/stm32f1xx_hal_tim.o
                0x0000000008003fcc                HAL_TIM_IRQHandler
 .text.HAL_TIM_PWM_ConfigChannel
                0x00000000080041dc      0x17c ./Drivers/STM32F1xx_HAL_Driver/Src/stm32f1xx_hal_tim.o
                0x00000000080041dc                HAL_TIM_PWM_ConfigChannel
 .text.HAL_TIM_ConfigClockSource
                0x0000000008004358      0x188 ./Drivers/STM32F1xx_HAL_Driver/Src/stm32f1xx_hal_tim.o
                0x0000000008004358                HAL_TIM_ConfigClockSource
 .text.HAL_TIM_OC_DelayElapsedCallback
                0x00000000080044e0       0x12 ./Drivers/STM32F1xx_HAL_Driver/Src/stm32f1xx_hal_tim.o
                0x00000000080044e0                HAL_TIM_OC_DelayElapsedCallback
 .text.HAL_TIM_IC_CaptureCallback
                0x00000000080044f2       0x12 ./Drivers/STM32F1xx_HAL_Driver/Src/stm32f1xx_hal_tim.o
                0x00000000080044f2                HAL_TIM_IC_CaptureCallback
 .text.HAL_TIM_PWM_PulseFinishedCallback
                0x0000000008004504       0x12 ./Drivers/STM32F1xx_HAL_Driver/Src/stm32f1xx_hal_tim.o
                0x0000000008004504                HAL_TIM_PWM_PulseFinishedCallback
 .text.HAL_TIM_TriggerCallback
                0x0000000008004516       0x12 ./Drivers/STM32F1xx_HAL_Driver/Src/stm32f1xx_hal_tim.o
                0x0000000008004516                HAL_TIM_TriggerCallback
 .text.TIM_Base_SetConfig
                0x0000000008004528       0xc4 ./Drivers/STM32F1xx_HAL_Driver/Src/stm32f1xx_hal_tim.o
                0x0000000008004528                TIM_Base_SetConfig
 .text.TIM_OC1_SetConfig
                0x00000000080045ec       0xcc ./Drivers/STM32F1xx_HAL_Driver/Src/stm32f1xx_hal_tim.o
 .text.TIM_OC2_SetConfig
                0x00000000080046b8       0xd4 ./Drivers/STM32F1xx_HAL_Driver/Src/stm32f1xx_hal_tim.o
                0x00000000080046b8                TIM_OC2_SetConfig
 .text.TIM_OC3_SetConfig
                0x000000000800478c       0xd4 ./Drivers/STM32F1xx_HAL_Driver/Src/stm32f1xx_hal_tim.o
 .text.TIM_OC4_SetConfig
                0x0000000008004860       0x9c ./Drivers/STM32F1xx_HAL_Driver/Src/stm32f1xx_hal_tim.o
 .text.TIM_TI1_ConfigInputStage
                0x00000000080048fc       0x5c ./Drivers/STM32F1xx_HAL_Driver/Src/stm32f1xx_hal_tim.o
 .text.TIM_TI2_ConfigInputStage
                0x0000000008004958       0x5e ./Drivers/STM32F1xx_HAL_Driver/Src/stm32f1xx_hal_tim.o
 .text.TIM_ITRx_SetConfig
                0x00000000080049b6       0x34 ./Drivers/STM32F1xx_HAL_Driver/Src/stm32f1xx_hal_tim.o
 .text.TIM_ETR_SetConfig
                0x00000000080049ea       0x3e ./Drivers/STM32F1xx_HAL_Driver/Src/stm32f1xx_hal_tim.o
                0x00000000080049ea                TIM_ETR_SetConfig
 .text.TIM_CCxChannelCmd
                0x0000000008004a28       0x48 ./Drivers/STM32F1xx_HAL_Driver/Src/stm32f1xx_hal_tim.o
                0x0000000008004a28                TIM_CCxChannelCmd
 .text.HAL_TIMEx_MasterConfigSynchronization
                0x0000000008004a70       0xbc ./Drivers/STM32F1xx_HAL_Driver/Src/stm32f1xx_hal_tim_ex.o
                0x0000000008004a70                HAL_TIMEx_MasterConfigSynchronization
 .text.HAL_TIMEx_CommutCallback
                0x0000000008004b2c       0x12 ./Drivers/STM32F1xx_HAL_Driver/Src/stm32f1xx_hal_tim_ex.o
                0x0000000008004b2c                HAL_TIMEx_CommutCallback
 .text.HAL_TIMEx_BreakCallback
                0x0000000008004b3e       0x12 ./Drivers/STM32F1xx_HAL_Driver/Src/stm32f1xx_hal_tim_ex.o
                0x0000000008004b3e                HAL_TIMEx_BreakCallback
 .text.__errno  0x0000000008004b50        0xc /opt/st/stm32cubeide_1.7.0/plugins/com.st.stm32cube.ide.mcu.externaltools.gnu-tools-for-stm32.9-2020-q2-update.linux64_2.0.0.202105311346/tools/bin/../lib/gcc/arm-none-eabi/9.3.1/../../../../arm-none-eabi/lib/thumb/v7-m/nofp/libc_nano.a(lib_a-errno.o)
                0x0000000008004b50                __errno
 .text.__libc_init_array
                0x0000000008004b5c       0x48 /opt/st/stm32cubeide_1.7.0/plugins/com.st.stm32cube.ide.mcu.externaltools.gnu-tools-for-stm32.9-2020-q2-update.linux64_2.0.0.202105311346/tools/bin/../lib/gcc/arm-none-eabi/9.3.1/../../../../arm-none-eabi/lib/thumb/v7-m/nofp/libc_nano.a(lib_a-init.o)
                0x0000000008004b5c                __libc_init_array
 .text.memset   0x0000000008004ba4       0x10 /opt/st/stm32cubeide_1.7.0/plugins/com.st.stm32cube.ide.mcu.externaltools.gnu-tools-for-stm32.9-2020-q2-update.linux64_2.0.0.202105311346/tools/bin/../lib/gcc/arm-none-eabi/9.3.1/../../../../arm-none-eabi/lib/thumb/v7-m/nofp/libc_nano.a(lib_a-memset.o)
                0x0000000008004ba4                memset
 .text.sprintf  0x0000000008004bb4       0x40 /opt/st/stm32cubeide_1.7.0/plugins/com.st.stm32cube.ide.mcu.externaltools.gnu-tools-for-stm32.9-2020-q2-update.linux64_2.0.0.202105311346/tools/bin/../lib/gcc/arm-none-eabi/9.3.1/../../../../arm-none-eabi/lib/thumb/v7-m/nofp/libc_nano.a(lib_a-sprintf.o)
                0x0000000008004bb4                sprintf
                0x0000000008004bb4                siprintf
 .text.__ssputs_r
                0x0000000008004bf4       0xb6 /opt/st/stm32cubeide_1.7.0/plugins/com.st.stm32cube.ide.mcu.externaltools.gnu-tools-for-stm32.9-2020-q2-update.linux64_2.0.0.202105311346/tools/bin/../lib/gcc/arm-none-eabi/9.3.1/../../../../arm-none-eabi/lib/thumb/v7-m/nofp/libc_nano.a(lib_a-nano-svfprintf.o)
                0x0000000008004bf4                __ssputs_r
 *fill*         0x0000000008004caa        0x2 
 .text._svfprintf_r
                0x0000000008004cac      0x200 /opt/st/stm32cubeide_1.7.0/plugins/com.st.stm32cube.ide.mcu.externaltools.gnu-tools-for-stm32.9-2020-q2-update.linux64_2.0.0.202105311346/tools/bin/../lib/gcc/arm-none-eabi/9.3.1/../../../../arm-none-eabi/lib/thumb/v7-m/nofp/libc_nano.a(lib_a-nano-svfprintf.o)
                0x0000000008004cac                _svfprintf_r
                0x0000000008004cac                _svfiprintf_r
 .text._printf_common
                0x0000000008004eac       0xde /opt/st/stm32cubeide_1.7.0/plugins/com.st.stm32cube.ide.mcu.externaltools.gnu-tools-for-stm32.9-2020-q2-update.linux64_2.0.0.202105311346/tools/bin/../lib/gcc/arm-none-eabi/9.3.1/../../../../arm-none-eabi/lib/thumb/v7-m/nofp/libc_nano.a(lib_a-nano-vfprintf_i.o)
                0x0000000008004eac                _printf_common
 *fill*         0x0000000008004f8a        0x2 
 .text._printf_i
                0x0000000008004f8c      0x24c /opt/st/stm32cubeide_1.7.0/plugins/com.st.stm32cube.ide.mcu.externaltools.gnu-tools-for-stm32.9-2020-q2-update.linux64_2.0.0.202105311346/tools/bin/../lib/gcc/arm-none-eabi/9.3.1/../../../../arm-none-eabi/lib/thumb/v7-m/nofp/libc_nano.a(lib_a-nano-vfprintf_i.o)
                0x0000000008004f8c                _printf_i
 .text.memchr   0x00000000080051d8       0x1c /opt/st/stm32cubeide_1.7.0/plugins/com.st.stm32cube.ide.mcu.externaltools.gnu-tools-for-stm32.9-2020-q2-update.linux64_2.0.0.202105311346/tools/bin/../lib/gcc/arm-none-eabi/9.3.1/../../../../arm-none-eabi/lib/thumb/v7-m/nofp/libc_nano.a(lib_a-memchr-stub.o)
                0x00000000080051d8                memchr
 .text.memcpy   0x00000000080051f4       0x1c /opt/st/stm32cubeide_1.7.0/plugins/com.st.stm32cube.ide.mcu.externaltools.gnu-tools-for-stm32.9-2020-q2-update.linux64_2.0.0.202105311346/tools/bin/../lib/gcc/arm-none-eabi/9.3.1/../../../../arm-none-eabi/lib/thumb/v7-m/nofp/libc_nano.a(lib_a-memcpy-stub.o)
                0x00000000080051f4                memcpy
 .text.memmove  0x0000000008005210       0x34 /opt/st/stm32cubeide_1.7.0/plugins/com.st.stm32cube.ide.mcu.externaltools.gnu-tools-for-stm32.9-2020-q2-update.linux64_2.0.0.202105311346/tools/bin/../lib/gcc/arm-none-eabi/9.3.1/../../../../arm-none-eabi/lib/thumb/v7-m/nofp/libc_nano.a(lib_a-memmove.o)
                0x0000000008005210                memmove
 .text._free_r  0x0000000008005244       0x98 /opt/st/stm32cubeide_1.7.0/plugins/com.st.stm32cube.ide.mcu.externaltools.gnu-tools-for-stm32.9-2020-q2-update.linux64_2.0.0.202105311346/tools/bin/../lib/gcc/arm-none-eabi/9.3.1/../../../../arm-none-eabi/lib/thumb/v7-m/nofp/libc_nano.a(lib_a-nano-freer.o)
                0x0000000008005244                _free_r
 .text._malloc_r
                0x00000000080052dc       0xb4 /opt/st/stm32cubeide_1.7.0/plugins/com.st.stm32cube.ide.mcu.externaltools.gnu-tools-for-stm32.9-2020-q2-update.linux64_2.0.0.202105311346/tools/bin/../lib/gcc/arm-none-eabi/9.3.1/../../../../arm-none-eabi/lib/thumb/v7-m/nofp/libc_nano.a(lib_a-nano-mallocr.o)
                0x00000000080052dc                _malloc_r
 .text._realloc_r
                0x0000000008005390       0x4c /opt/st/stm32cubeide_1.7.0/plugins/com.st.stm32cube.ide.mcu.externaltools.gnu-tools-for-stm32.9-2020-q2-update.linux64_2.0.0.202105311346/tools/bin/../lib/gcc/arm-none-eabi/9.3.1/../../../../arm-none-eabi/lib/thumb/v7-m/nofp/libc_nano.a(lib_a-nano-reallocr.o)
                0x0000000008005390                _realloc_r
 .text._sbrk_r  0x00000000080053dc       0x20 /opt/st/stm32cubeide_1.7.0/plugins/com.st.stm32cube.ide.mcu.externaltools.gnu-tools-for-stm32.9-2020-q2-update.linux64_2.0.0.202105311346/tools/bin/../lib/gcc/arm-none-eabi/9.3.1/../../../../arm-none-eabi/lib/thumb/v7-m/nofp/libc_nano.a(lib_a-sbrkr.o)
                0x00000000080053dc                _sbrk_r
 .text.__malloc_lock
                0x00000000080053fc        0xc /opt/st/stm32cubeide_1.7.0/plugins/com.st.stm32cube.ide.mcu.externaltools.gnu-tools-for-stm32.9-2020-q2-update.linux64_2.0.0.202105311346/tools/bin/../lib/gcc/arm-none-eabi/9.3.1/../../../../arm-none-eabi/lib/thumb/v7-m/nofp/libc_nano.a(lib_a-mlock.o)
                0x00000000080053fc                __malloc_lock
 .text.__malloc_unlock
                0x0000000008005408        0xc /opt/st/stm32cubeide_1.7.0/plugins/com.st.stm32cube.ide.mcu.externaltools.gnu-tools-for-stm32.9-2020-q2-update.linux64_2.0.0.202105311346/tools/bin/../lib/gcc/arm-none-eabi/9.3.1/../../../../arm-none-eabi/lib/thumb/v7-m/nofp/libc_nano.a(lib_a-mlock.o)
                0x0000000008005408                __malloc_unlock
 .text._malloc_usable_size_r
                0x0000000008005414       0x10 /opt/st/stm32cubeide_1.7.0/plugins/com.st.stm32cube.ide.mcu.externaltools.gnu-tools-for-stm32.9-2020-q2-update.linux64_2.0.0.202105311346/tools/bin/../lib/gcc/arm-none-eabi/9.3.1/../../../../arm-none-eabi/lib/thumb/v7-m/nofp/libc_nano.a(lib_a-nano-msizer.o)
                0x0000000008005414                _malloc_usable_size_r
 .text.__retarget_lock_acquire_recursive
                0x0000000008005424        0x2 /opt/st/stm32cubeide_1.7.0/plugins/com.st.stm32cube.ide.mcu.externaltools.gnu-tools-for-stm32.9-2020-q2-update.linux64_2.0.0.202105311346/tools/bin/../lib/gcc/arm-none-eabi/9.3.1/../../../../arm-none-eabi/lib/thumb/v7-m/nofp/libc_nano.a(lib_a-lock.o)
                0x0000000008005424                __retarget_lock_acquire_recursive
 .text.__retarget_lock_release_recursive
                0x0000000008005426        0x2 /opt/st/stm32cubeide_1.7.0/plugins/com.st.stm32cube.ide.mcu.externaltools.gnu-tools-for-stm32.9-2020-q2-update.linux64_2.0.0.202105311346/tools/bin/../lib/gcc/arm-none-eabi/9.3.1/../../../../arm-none-eabi/lib/thumb/v7-m/nofp/libc_nano.a(lib_a-lock.o)
                0x0000000008005426                __retarget_lock_release_recursive
 *(.glue_7)
 .glue_7        0x0000000008005428        0x0 linker stubs
 *(.glue_7t)
 .glue_7t       0x0000000008005428        0x0 linker stubs
 *(.eh_frame)
 .eh_frame      0x0000000008005428        0x0 /opt/st/stm32cubeide_1.7.0/plugins/com.st.stm32cube.ide.mcu.externaltools.gnu-tools-for-stm32.9-2020-q2-update.linux64_2.0.0.202105311346/tools/bin/../lib/gcc/arm-none-eabi/9.3.1/thumb/v7-m/nofp/crtbegin.o
 *(.init)
 .init          0x0000000008005428        0x4 /opt/st/stm32cubeide_1.7.0/plugins/com.st.stm32cube.ide.mcu.externaltools.gnu-tools-for-stm32.9-2020-q2-update.linux64_2.0.0.202105311346/tools/bin/../lib/gcc/arm-none-eabi/9.3.1/thumb/v7-m/nofp/crti.o
                0x0000000008005428                _init
 .init          0x000000000800542c        0x8 /opt/st/stm32cubeide_1.7.0/plugins/com.st.stm32cube.ide.mcu.externaltools.gnu-tools-for-stm32.9-2020-q2-update.linux64_2.0.0.202105311346/tools/bin/../lib/gcc/arm-none-eabi/9.3.1/thumb/v7-m/nofp/crtn.o
 *(.fini)
 .fini          0x0000000008005434        0x4 /opt/st/stm32cubeide_1.7.0/plugins/com.st.stm32cube.ide.mcu.externaltools.gnu-tools-for-stm32.9-2020-q2-update.linux64_2.0.0.202105311346/tools/bin/../lib/gcc/arm-none-eabi/9.3.1/thumb/v7-m/nofp/crti.o
                0x0000000008005434                _fini
 .fini          0x0000000008005438        0x8 /opt/st/stm32cubeide_1.7.0/plugins/com.st.stm32cube.ide.mcu.externaltools.gnu-tools-for-stm32.9-2020-q2-update.linux64_2.0.0.202105311346/tools/bin/../lib/gcc/arm-none-eabi/9.3.1/thumb/v7-m/nofp/crtn.o
                0x0000000008005440                . = ALIGN (0x4)
                0x0000000008005440                _etext = .

.vfp11_veneer   0x0000000008005440        0x0
 .vfp11_veneer  0x0000000008005440        0x0 linker stubs

.v4_bx          0x0000000008005440        0x0
 .v4_bx         0x0000000008005440        0x0 linker stubs

.iplt           0x0000000008005440        0x0
 .iplt          0x0000000008005440        0x0 /opt/st/stm32cubeide_1.7.0/plugins/com.st.stm32cube.ide.mcu.externaltools.gnu-tools-for-stm32.9-2020-q2-update.linux64_2.0.0.202105311346/tools/bin/../lib/gcc/arm-none-eabi/9.3.1/thumb/v7-m/nofp/crtbegin.o

.rodata         0x0000000008005440      0x740
                0x0000000008005440                . = ALIGN (0x4)
 *(.rodata)
 .rodata        0x0000000008005440       0x99 ./Core/Src/menu.o
 *fill*         0x00000000080054d9        0x3 
 .rodata        0x00000000080054dc       0x10 ./Drivers/STM32F1xx_HAL_Driver/Src/stm32f1xx_hal_rcc.o
 *(.rodata*)
 .rodata.SINEWAVE_LUT
                0x00000000080054ec      0x100 ./Core/Src/dds.o
                0x00000000080054ec                SINEWAVE_LUT
 .rodata.SQUAREWAVE_LUT
                0x00000000080055ec      0x100 ./Core/Src/dds.o
                0x00000000080055ec                SQUAREWAVE_LUT
 .rodata.SAWTOOTHWAVE_LUT
                0x00000000080056ec      0x100 ./Core/Src/dds.o
                0x00000000080056ec                SAWTOOTHWAVE_LUT
 .rodata.TRIANGLEWAVE_LUT
                0x00000000080057ec      0x100 ./Core/Src/dds.o
                0x00000000080057ec                TRIANGLEWAVE_LUT
 .rodata.SSD1306_FONTSET6x8
                0x00000000080058ec      0x240 ./Core/Src/ssd1306_font.o
 .rodata.SSD1306_FONT6x8
                0x0000000008005b2c        0x8 ./Core/Src/ssd1306_font.o
                0x0000000008005b2c                SSD1306_FONT6x8
 .rodata.AHBPrescTable
                0x0000000008005b34       0x10 ./Core/Src/system_stm32f1xx.o
                0x0000000008005b34                AHBPrescTable
 .rodata.APBPrescTable
                0x0000000008005b44        0x8 ./Core/Src/system_stm32f1xx.o
                0x0000000008005b44                APBPrescTable
 .rodata._svfprintf_r.str1.1
                0x0000000008005b4c       0x11 /opt/st/stm32cubeide_1.7.0/plugins/com.st.stm32cube.ide.mcu.externaltools.gnu-tools-for-stm32.9-2020-q2-update.linux64_2.0.0.202105311346/tools/bin/../lib/gcc/arm-none-eabi/9.3.1/../../../../arm-none-eabi/lib/thumb/v7-m/nofp/libc_nano.a(lib_a-nano-svfprintf.o)
 .rodata._printf_i.str1.1
                0x0000000008005b5d       0x22 /opt/st/stm32cubeide_1.7.0/plugins/com.st.stm32cube.ide.mcu.externaltools.gnu-tools-for-stm32.9-2020-q2-update.linux64_2.0.0.202105311346/tools/bin/../lib/gcc/arm-none-eabi/9.3.1/../../../../arm-none-eabi/lib/thumb/v7-m/nofp/libc_nano.a(lib_a-nano-vfprintf_i.o)
                0x0000000008005b80                . = ALIGN (0x4)
 *fill*         0x0000000008005b7f        0x1 

.rel.dyn        0x0000000008005b80        0x0
 .rel.iplt      0x0000000008005b80        0x0 /opt/st/stm32cubeide_1.7.0/plugins/com.st.stm32cube.ide.mcu.externaltools.gnu-tools-for-stm32.9-2020-q2-update.linux64_2.0.0.202105311346/tools/bin/../lib/gcc/arm-none-eabi/9.3.1/thumb/v7-m/nofp/crtbegin.o

.ARM.extab      0x0000000008005b80        0x0
                0x0000000008005b80                . = ALIGN (0x4)
 *(.ARM.extab* .gnu.linkonce.armextab.*)
                0x0000000008005b80                . = ALIGN (0x4)

.ARM            0x0000000008005b80        0x0
                0x0000000008005b80                . = ALIGN (0x4)
                0x0000000008005b80                __exidx_start = .
 *(.ARM.exidx*)
                0x0000000008005b80                __exidx_end = .
                0x0000000008005b80                . = ALIGN (0x4)

.preinit_array  0x0000000008005b80        0x0
                0x0000000008005b80                . = ALIGN (0x4)
                0x0000000008005b80                PROVIDE (__preinit_array_start = .)
 *(.preinit_array*)
                0x0000000008005b80                PROVIDE (__preinit_array_end = .)
                0x0000000008005b80                . = ALIGN (0x4)

.init_array     0x0000000008005b80        0x4
                0x0000000008005b80                . = ALIGN (0x4)
                0x0000000008005b80                PROVIDE (__init_array_start = .)
 *(SORT_BY_NAME(.init_array.*))
 *(.init_array*)
 .init_array    0x0000000008005b80        0x4 /opt/st/stm32cubeide_1.7.0/plugins/com.st.stm32cube.ide.mcu.externaltools.gnu-tools-for-stm32.9-2020-q2-update.linux64_2.0.0.202105311346/tools/bin/../lib/gcc/arm-none-eabi/9.3.1/thumb/v7-m/nofp/crtbegin.o
                0x0000000008005b84                PROVIDE (__init_array_end = .)
                0x0000000008005b84                . = ALIGN (0x4)

.fini_array     0x0000000008005b84        0x4
                0x0000000008005b84                . = ALIGN (0x4)
                [!provide]                        PROVIDE (__fini_array_start = .)
 *(SORT_BY_NAME(.fini_array.*))
 *(.fini_array*)
 .fini_array    0x0000000008005b84        0x4 /opt/st/stm32cubeide_1.7.0/plugins/com.st.stm32cube.ide.mcu.externaltools.gnu-tools-for-stm32.9-2020-q2-update.linux64_2.0.0.202105311346/tools/bin/../lib/gcc/arm-none-eabi/9.3.1/thumb/v7-m/nofp/crtbegin.o
                [!provide]                        PROVIDE (__fini_array_end = .)
                0x0000000008005b88                . = ALIGN (0x4)
                0x0000000008005b88                _sidata = LOADADDR (.data)

.data           0x0000000020000000       0x70 load address 0x0000000008005b88
                0x0000000020000000                . = ALIGN (0x4)
                0x0000000020000000                _sdata = .
 *(.data)
 *(.data*)
 .data.SystemCoreClock
                0x0000000020000000        0x4 ./Core/Src/system_stm32f1xx.o
                0x0000000020000000                SystemCoreClock
 .data.uwTickPrio
                0x0000000020000004        0x4 ./Drivers/STM32F1xx_HAL_Driver/Src/stm32f1xx_hal.o
                0x0000000020000004                uwTickPrio
 .data.uwTickFreq
                0x0000000020000008        0x1 ./Drivers/STM32F1xx_HAL_Driver/Src/stm32f1xx_hal.o
                0x0000000020000008                uwTickFreq
 *fill*         0x0000000020000009        0x3 
 .data._impure_ptr
                0x000000002000000c        0x4 /opt/st/stm32cubeide_1.7.0/plugins/com.st.stm32cube.ide.mcu.externaltools.gnu-tools-for-stm32.9-2020-q2-update.linux64_2.0.0.202105311346/tools/bin/../lib/gcc/arm-none-eabi/9.3.1/../../../../arm-none-eabi/lib/thumb/v7-m/nofp/libc_nano.a(lib_a-impure.o)
                0x000000002000000c                _impure_ptr
 .data.impure_data
                0x0000000020000010       0x60 /opt/st/stm32cubeide_1.7.0/plugins/com.st.stm32cube.ide.mcu.externaltools.gnu-tools-for-stm32.9-2020-q2-update.linux64_2.0.0.202105311346/tools/bin/../lib/gcc/arm-none-eabi/9.3.1/../../../../arm-none-eabi/lib/thumb/v7-m/nofp/libc_nano.a(lib_a-impure.o)
 *(.RamFunc)
 *(.RamFunc*)
                0x0000000020000070                . = ALIGN (0x4)
                0x0000000020000070                _edata = .

.igot.plt       0x0000000020000070        0x0 load address 0x0000000008005bf8
 .igot.plt      0x0000000020000070        0x0 /opt/st/stm32cubeide_1.7.0/plugins/com.st.stm32cube.ide.mcu.externaltools.gnu-tools-for-stm32.9-2020-q2-update.linux64_2.0.0.202105311346/tools/bin/../lib/gcc/arm-none-eabi/9.3.1/thumb/v7-m/nofp/crtbegin.o
                0x0000000020000070                . = ALIGN (0x4)

.bss            0x0000000020000070      0x210 load address 0x0000000008005bf8
                0x0000000020000070                _sbss = .
                0x0000000020000070                __bss_start__ = _sbss
 *(.bss)
 .bss           0x0000000020000070       0x1c /opt/st/stm32cubeide_1.7.0/plugins/com.st.stm32cube.ide.mcu.externaltools.gnu-tools-for-stm32.9-2020-q2-update.linux64_2.0.0.202105311346/tools/bin/../lib/gcc/arm-none-eabi/9.3.1/thumb/v7-m/nofp/crtbegin.o
 *(.bss*)
 .bss.__sbrk_heap_end
                0x000000002000008c        0x4 ./Core/Src/sysmem.o
 .bss.__malloc_free_list
                0x0000000020000090        0x4 /opt/st/stm32cubeide_1.7.0/plugins/com.st.stm32cube.ide.mcu.externaltools.gnu-tools-for-stm32.9-2020-q2-update.linux64_2.0.0.202105311346/tools/bin/../lib/gcc/arm-none-eabi/9.3.1/../../../../arm-none-eabi/lib/thumb/v7-m/nofp/libc_nano.a(lib_a-nano-mallocr.o)
                0x0000000020000090                __malloc_free_list
 .bss.__malloc_sbrk_start
                0x0000000020000094        0x4 /opt/st/stm32cubeide_1.7.0/plugins/com.st.stm32cube.ide.mcu.externaltools.gnu-tools-for-stm32.9-2020-q2-update.linux64_2.0.0.202105311346/tools/bin/../lib/gcc/arm-none-eabi/9.3.1/../../../../arm-none-eabi/lib/thumb/v7-m/nofp/libc_nano.a(lib_a-nano-mallocr.o)
                0x0000000020000094                __malloc_sbrk_start
 *(COMMON)
 COMMON         0x0000000020000098       0x54 ./Core/Src/i2c.o
                0x0000000020000098                hi2c1
 COMMON         0x00000000200000ec       0x1c ./Core/Src/main.o
                0x00000000200000ec                encoder
 COMMON         0x0000000020000108      0x164 ./Core/Src/tim.o
                0x0000000020000108                htim4
                0x0000000020000150                hdma_tim2_up
                0x0000000020000194                htim3
                0x00000000200001dc                htim1
                0x0000000020000224                htim2
 COMMON         0x000000002000026c        0x4 ./Drivers/STM32F1xx_HAL_Driver/Src/stm32f1xx_hal.o
                0x000000002000026c                uwTick
 COMMON         0x0000000020000270        0x4 /opt/st/stm32cubeide_1.7.0/plugins/com.st.stm32cube.ide.mcu.externaltools.gnu-tools-for-stm32.9-2020-q2-update.linux64_2.0.0.202105311346/tools/bin/../lib/gcc/arm-none-eabi/9.3.1/../../../../arm-none-eabi/lib/thumb/v7-m/nofp/libc_nano.a(lib_a-reent.o)
                0x0000000020000270                errno
 COMMON         0x0000000020000274        0x9 /opt/st/stm32cubeide_1.7.0/plugins/com.st.stm32cube.ide.mcu.externaltools.gnu-tools-for-stm32.9-2020-q2-update.linux64_2.0.0.202105311346/tools/bin/../lib/gcc/arm-none-eabi/9.3.1/../../../../arm-none-eabi/lib/thumb/v7-m/nofp/libc_nano.a(lib_a-lock.o)
                0x0000000020000274                __lock___atexit_recursive_mutex
                0x0000000020000275                __lock___arc4random_mutex
                0x0000000020000276                __lock___env_recursive_mutex
                0x0000000020000277                __lock___sinit_recursive_mutex
                0x0000000020000278                __lock___malloc_recursive_mutex
                0x0000000020000279                __lock___at_quick_exit_mutex
                0x000000002000027a                __lock___dd_hash_mutex
                0x000000002000027b                __lock___tz_mutex
                0x000000002000027c                __lock___sfp_recursive_mutex
                0x0000000020000280                . = ALIGN (0x4)
 *fill*         0x000000002000027d        0x3 
                0x0000000020000280                _ebss = .
                0x0000000020000280                __bss_end__ = _ebss

._user_heap_stack
                0x0000000020000280      0x600 load address 0x0000000008005bf8
                0x0000000020000280                . = ALIGN (0x8)
                [!provide]                        PROVIDE (end = .)
                0x0000000020000280                PROVIDE (_end = .)
                0x0000000020000480                . = (. + _Min_Heap_Size)
 *fill*         0x0000000020000280      0x200 
                0x0000000020000880                . = (. + _Min_Stack_Size)
 *fill*         0x0000000020000480      0x400 
                0x0000000020000880                . = ALIGN (0x8)

/DISCARD/
 libc.a(*)
 libm.a(*)
 libgcc.a(*)

.ARM.attributes
                0x0000000000000000       0x29
 *(.ARM.attributes)
 .ARM.attributes
                0x0000000000000000       0x1d /opt/st/stm32cubeide_1.7.0/plugins/com.st.stm32cube.ide.mcu.externaltools.gnu-tools-for-stm32.9-2020-q2-update.linux64_2.0.0.202105311346/tools/bin/../lib/gcc/arm-none-eabi/9.3.1/thumb/v7-m/nofp/crti.o
 .ARM.attributes
                0x000000000000001d       0x2d /opt/st/stm32cubeide_1.7.0/plugins/com.st.stm32cube.ide.mcu.externaltools.gnu-tools-for-stm32.9-2020-q2-update.linux64_2.0.0.202105311346/tools/bin/../lib/gcc/arm-none-eabi/9.3.1/thumb/v7-m/nofp/crtbegin.o
 .ARM.attributes
                0x000000000000004a       0x2d ./Core/Src/dds.o
 .ARM.attributes
                0x0000000000000077       0x2d ./Core/Src/dma.o
 .ARM.attributes
                0x00000000000000a4       0x2d ./Core/Src/gpio.o
 .ARM.attributes
                0x00000000000000d1       0x2d ./Core/Src/i2c.o
 .ARM.attributes
                0x00000000000000fe       0x2d ./Core/Src/main.o
 .ARM.attributes
                0x000000000000012b       0x2d ./Core/Src/menu.o
 .ARM.attributes
                0x0000000000000158       0x2d ./Core/Src/rotary_encoder.o
 .ARM.attributes
                0x0000000000000185       0x2d ./Core/Src/ssd1306.o
 .ARM.attributes
                0x00000000000001b2       0x2d ./Core/Src/ssd1306_font.o
 .ARM.attributes
                0x00000000000001df       0x2d ./Core/Src/stm32f1xx_hal_msp.o
 .ARM.attributes
                0x000000000000020c       0x2d ./Core/Src/stm32f1xx_it.o
 .ARM.attributes
                0x0000000000000239       0x2d ./Core/Src/sysmem.o
 .ARM.attributes
                0x0000000000000266       0x2d ./Core/Src/system_stm32f1xx.o
 .ARM.attributes
                0x0000000000000293       0x2d ./Core/Src/tim.o
 .ARM.attributes
                0x00000000000002c0       0x21 ./Core/Startup/startup_stm32f103c8tx.o
 .ARM.attributes
                0x00000000000002e1       0x2d ./Drivers/STM32F1xx_HAL_Driver/Src/stm32f1xx_hal.o
 .ARM.attributes
                0x000000000000030e       0x2d ./Drivers/STM32F1xx_HAL_Driver/Src/stm32f1xx_hal_cortex.o
 .ARM.attributes
                0x000000000000033b       0x2d ./Drivers/STM32F1xx_HAL_Driver/Src/stm32f1xx_hal_dma.o
 .ARM.attributes
                0x0000000000000368       0x2d ./Drivers/STM32F1xx_HAL_Driver/Src/stm32f1xx_hal_gpio.o
 .ARM.attributes
                0x0000000000000395       0x2d ./Drivers/STM32F1xx_HAL_Driver/Src/stm32f1xx_hal_i2c.o
 .ARM.attributes
                0x00000000000003c2       0x2d ./Drivers/STM32F1xx_HAL_Driver/Src/stm32f1xx_hal_rcc.o
 .ARM.attributes
                0x00000000000003ef       0x2d ./Drivers/STM32F1xx_HAL_Driver/Src/stm32f1xx_hal_tim.o
 .ARM.attributes
                0x000000000000041c       0x2d ./Drivers/STM32F1xx_HAL_Driver/Src/stm32f1xx_hal_tim_ex.o
 .ARM.attributes
                0x0000000000000449       0x2d /opt/st/stm32cubeide_1.7.0/plugins/com.st.stm32cube.ide.mcu.externaltools.gnu-tools-for-stm32.9-2020-q2-update.linux64_2.0.0.202105311346/tools/bin/../lib/gcc/arm-none-eabi/9.3.1/../../../../arm-none-eabi/lib/thumb/v7-m/nofp/libc_nano.a(lib_a-errno.o)
 .ARM.attributes
                0x0000000000000476       0x2d /opt/st/stm32cubeide_1.7.0/plugins/com.st.stm32cube.ide.mcu.externaltools.gnu-tools-for-stm32.9-2020-q2-update.linux64_2.0.0.202105311346/tools/bin/../lib/gcc/arm-none-eabi/9.3.1/../../../../arm-none-eabi/lib/thumb/v7-m/nofp/libc_nano.a(lib_a-impure.o)
 .ARM.attributes
                0x00000000000004a3       0x2d /opt/st/stm32cubeide_1.7.0/plugins/com.st.stm32cube.ide.mcu.externaltools.gnu-tools-for-stm32.9-2020-q2-update.linux64_2.0.0.202105311346/tools/bin/../lib/gcc/arm-none-eabi/9.3.1/../../../../arm-none-eabi/lib/thumb/v7-m/nofp/libc_nano.a(lib_a-init.o)
 .ARM.attributes
                0x00000000000004d0       0x2d /opt/st/stm32cubeide_1.7.0/plugins/com.st.stm32cube.ide.mcu.externaltools.gnu-tools-for-stm32.9-2020-q2-update.linux64_2.0.0.202105311346/tools/bin/../lib/gcc/arm-none-eabi/9.3.1/../../../../arm-none-eabi/lib/thumb/v7-m/nofp/libc_nano.a(lib_a-memset.o)
 .ARM.attributes
                0x00000000000004fd       0x2d /opt/st/stm32cubeide_1.7.0/plugins/com.st.stm32cube.ide.mcu.externaltools.gnu-tools-for-stm32.9-2020-q2-update.linux64_2.0.0.202105311346/tools/bin/../lib/gcc/arm-none-eabi/9.3.1/../../../../arm-none-eabi/lib/thumb/v7-m/nofp/libc_nano.a(lib_a-sprintf.o)
 .ARM.attributes
                0x000000000000052a       0x2d /opt/st/stm32cubeide_1.7.0/plugins/com.st.stm32cube.ide.mcu.externaltools.gnu-tools-for-stm32.9-2020-q2-update.linux64_2.0.0.202105311346/tools/bin/../lib/gcc/arm-none-eabi/9.3.1/../../../../arm-none-eabi/lib/thumb/v7-m/nofp/libc_nano.a(lib_a-nano-svfprintf.o)
 .ARM.attributes
                0x0000000000000557       0x2d /opt/st/stm32cubeide_1.7.0/plugins/com.st.stm32cube.ide.mcu.externaltools.gnu-tools-for-stm32.9-2020-q2-update.linux64_2.0.0.202105311346/tools/bin/../lib/gcc/arm-none-eabi/9.3.1/../../../../arm-none-eabi/lib/thumb/v7-m/nofp/libc_nano.a(lib_a-nano-vfprintf_i.o)
 .ARM.attributes
                0x0000000000000584       0x2d /opt/st/stm32cubeide_1.7.0/plugins/com.st.stm32cube.ide.mcu.externaltools.gnu-tools-for-stm32.9-2020-q2-update.linux64_2.0.0.202105311346/tools/bin/../lib/gcc/arm-none-eabi/9.3.1/../../../../arm-none-eabi/lib/thumb/v7-m/nofp/libc_nano.a(lib_a-memchr-stub.o)
 .ARM.attributes
                0x00000000000005b1       0x2d /opt/st/stm32cubeide_1.7.0/plugins/com.st.stm32cube.ide.mcu.externaltools.gnu-tools-for-stm32.9-2020-q2-update.linux64_2.0.0.202105311346/tools/bin/../lib/gcc/arm-none-eabi/9.3.1/../../../../arm-none-eabi/lib/thumb/v7-m/nofp/libc_nano.a(lib_a-memcpy-stub.o)
 .ARM.attributes
                0x00000000000005de       0x2d /opt/st/stm32cubeide_1.7.0/plugins/com.st.stm32cube.ide.mcu.externaltools.gnu-tools-for-stm32.9-2020-q2-update.linux64_2.0.0.202105311346/tools/bin/../lib/gcc/arm-none-eabi/9.3.1/../../../../arm-none-eabi/lib/thumb/v7-m/nofp/libc_nano.a(lib_a-memmove.o)
 .ARM.attributes
                0x000000000000060b       0x2d /opt/st/stm32cubeide_1.7.0/plugins/com.st.stm32cube.ide.mcu.externaltools.gnu-tools-for-stm32.9-2020-q2-update.linux64_2.0.0.202105311346/tools/bin/../lib/gcc/arm-none-eabi/9.3.1/../../../../arm-none-eabi/lib/thumb/v7-m/nofp/libc_nano.a(lib_a-nano-freer.o)
 .ARM.attributes
                0x0000000000000638       0x2d /opt/st/stm32cubeide_1.7.0/plugins/com.st.stm32cube.ide.mcu.externaltools.gnu-tools-for-stm32.9-2020-q2-update.linux64_2.0.0.202105311346/tools/bin/../lib/gcc/arm-none-eabi/9.3.1/../../../../arm-none-eabi/lib/thumb/v7-m/nofp/libc_nano.a(lib_a-nano-mallocr.o)
 .ARM.attributes
                0x0000000000000665       0x2d /opt/st/stm32cubeide_1.7.0/plugins/com.st.stm32cube.ide.mcu.externaltools.gnu-tools-for-stm32.9-2020-q2-update.linux64_2.0.0.202105311346/tools/bin/../lib/gcc/arm-none-eabi/9.3.1/../../../../arm-none-eabi/lib/thumb/v7-m/nofp/libc_nano.a(lib_a-nano-reallocr.o)
 .ARM.attributes
                0x0000000000000692       0x2d /opt/st/stm32cubeide_1.7.0/plugins/com.st.stm32cube.ide.mcu.externaltools.gnu-tools-for-stm32.9-2020-q2-update.linux64_2.0.0.202105311346/tools/bin/../lib/gcc/arm-none-eabi/9.3.1/../../../../arm-none-eabi/lib/thumb/v7-m/nofp/libc_nano.a(lib_a-sbrkr.o)
 .ARM.attributes
                0x00000000000006bf       0x2d /opt/st/stm32cubeide_1.7.0/plugins/com.st.stm32cube.ide.mcu.externaltools.gnu-tools-for-stm32.9-2020-q2-update.linux64_2.0.0.202105311346/tools/bin/../lib/gcc/arm-none-eabi/9.3.1/../../../../arm-none-eabi/lib/thumb/v7-m/nofp/libc_nano.a(lib_a-mlock.o)
 .ARM.attributes
                0x00000000000006ec       0x2d /opt/st/stm32cubeide_1.7.0/plugins/com.st.stm32cube.ide.mcu.externaltools.gnu-tools-for-stm32.9-2020-q2-update.linux64_2.0.0.202105311346/tools/bin/../lib/gcc/arm-none-eabi/9.3.1/../../../../arm-none-eabi/lib/thumb/v7-m/nofp/libc_nano.a(lib_a-nano-msizer.o)
 .ARM.attributes
                0x0000000000000719       0x2d /opt/st/stm32cubeide_1.7.0/plugins/com.st.stm32cube.ide.mcu.externaltools.gnu-tools-for-stm32.9-2020-q2-update.linux64_2.0.0.202105311346/tools/bin/../lib/gcc/arm-none-eabi/9.3.1/../../../../arm-none-eabi/lib/thumb/v7-m/nofp/libc_nano.a(lib_a-reent.o)
 .ARM.attributes
                0x0000000000000746       0x2d /opt/st/stm32cubeide_1.7.0/plugins/com.st.stm32cube.ide.mcu.externaltools.gnu-tools-for-stm32.9-2020-q2-update.linux64_2.0.0.202105311346/tools/bin/../lib/gcc/arm-none-eabi/9.3.1/../../../../arm-none-eabi/lib/thumb/v7-m/nofp/libc_nano.a(lib_a-lock.o)
 .ARM.attributes
                0x0000000000000773       0x1d /opt/st/stm32cubeide_1.7.0/plugins/com.st.stm32cube.ide.mcu.externaltools.gnu-tools-for-stm32.9-2020-q2-update.linux64_2.0.0.202105311346/tools/bin/../lib/gcc/arm-none-eabi/9.3.1/thumb/v7-m/nofp/crtn.o
OUTPUT(DDS-function-generator.elf elf32-littlearm)
LOAD linker stubs
LOAD /opt/st/stm32cubeide_1.7.0/plugins/com.st.stm32cube.ide.mcu.externaltools.gnu-tools-for-stm32.9-2020-q2-update.linux64_2.0.0.202105311346/tools/bin/../lib/gcc/arm-none-eabi/9.3.1/../../../../arm-none-eabi/lib/thumb/v7-m/nofp/libc.a
LOAD /opt/st/stm32cubeide_1.7.0/plugins/com.st.stm32cube.ide.mcu.externaltools.gnu-tools-for-stm32.9-2020-q2-update.linux64_2.0.0.202105311346/tools/bin/../lib/gcc/arm-none-eabi/9.3.1/../../../../arm-none-eabi/lib/thumb/v7-m/nofp/libm.a
LOAD /opt/st/stm32cubeide_1.7.0/plugins/com.st.stm32cube.ide.mcu.externaltools.gnu-tools-for-stm32.9-2020-q2-update.linux64_2.0.0.202105311346/tools/bin/../lib/gcc/arm-none-eabi/9.3.1/thumb/v7-m/nofp/libgcc.a

.debug_info     0x0000000000000000    0x110ab
 .debug_info    0x0000000000000000      0xb0d ./Core/Src/dds.o
 .debug_info    0x0000000000000b0d      0x396 ./Core/Src/dma.o
 .debug_info    0x0000000000000ea3      0x38f ./Core/Src/gpio.o
 .debug_info    0x0000000000001232      0x8ca ./Core/Src/i2c.o
 .debug_info    0x0000000000001afc     0x1040 ./Core/Src/main.o
 .debug_info    0x0000000000002b3c     0x1808 ./Core/Src/menu.o
 .debug_info    0x0000000000004344      0x899 ./Core/Src/rotary_encoder.o
 .debug_info    0x0000000000004bdd      0xb75 ./Core/Src/ssd1306.o
 .debug_info    0x0000000000005752      0x170 ./Core/Src/ssd1306_font.o
 .debug_info    0x00000000000058c2      0x2fc ./Core/Src/stm32f1xx_hal_msp.o
 .debug_info    0x0000000000005bbe      0x7d2 ./Core/Src/stm32f1xx_it.o
 .debug_info    0x0000000000006390      0xa25 ./Core/Src/sysmem.o
 .debug_info    0x0000000000006db5      0x2be ./Core/Src/system_stm32f1xx.o
 .debug_info    0x0000000000007073      0xe7b ./Core/Src/tim.o
 .debug_info    0x0000000000007eee       0x22 ./Core/Startup/startup_stm32f103c8tx.o
 .debug_info    0x0000000000007f10      0x76a ./Drivers/STM32F1xx_HAL_Driver/Src/stm32f1xx_hal.o
 .debug_info    0x000000000000867a      0xbdc ./Drivers/STM32F1xx_HAL_Driver/Src/stm32f1xx_hal_cortex.o
 .debug_info    0x0000000000009256      0x81e ./Drivers/STM32F1xx_HAL_Driver/Src/stm32f1xx_hal_dma.o
 .debug_info    0x0000000000009a74      0x701 ./Drivers/STM32F1xx_HAL_Driver/Src/stm32f1xx_hal_gpio.o
 .debug_info    0x000000000000a175     0x278e ./Drivers/STM32F1xx_HAL_Driver/Src/stm32f1xx_hal_i2c.o
 .debug_info    0x000000000000c903      0x88e ./Drivers/STM32F1xx_HAL_Driver/Src/stm32f1xx_hal_rcc.o
 .debug_info    0x000000000000d191     0x2a45 ./Drivers/STM32F1xx_HAL_Driver/Src/stm32f1xx_hal_tim.o
 .debug_info    0x000000000000fbd6     0x14d5 ./Drivers/STM32F1xx_HAL_Driver/Src/stm32f1xx_hal_tim_ex.o

.debug_abbrev   0x0000000000000000     0x2abf
 .debug_abbrev  0x0000000000000000      0x230 ./Core/Src/dds.o
 .debug_abbrev  0x0000000000000230      0x11b ./Core/Src/dma.o
 .debug_abbrev  0x000000000000034b      0x14e ./Core/Src/gpio.o
 .debug_abbrev  0x0000000000000499      0x1bb ./Core/Src/i2c.o
 .debug_abbrev  0x0000000000000654      0x252 ./Core/Src/main.o
 .debug_abbrev  0x00000000000008a6      0x28e ./Core/Src/menu.o
 .debug_abbrev  0x0000000000000b34      0x191 ./Core/Src/rotary_encoder.o
 .debug_abbrev  0x0000000000000cc5      0x257 ./Core/Src/ssd1306.o
 .debug_abbrev  0x0000000000000f1c       0xde ./Core/Src/ssd1306_font.o
 .debug_abbrev  0x0000000000000ffa      0x11d ./Core/Src/stm32f1xx_hal_msp.o
 .debug_abbrev  0x0000000000001117      0x176 ./Core/Src/stm32f1xx_it.o
 .debug_abbrev  0x000000000000128d      0x1bf ./Core/Src/sysmem.o
 .debug_abbrev  0x000000000000144c      0x14e ./Core/Src/system_stm32f1xx.o
 .debug_abbrev  0x000000000000159a      0x244 ./Core/Src/tim.o
 .debug_abbrev  0x00000000000017de       0x12 ./Core/Startup/startup_stm32f103c8tx.o
 .debug_abbrev  0x00000000000017f0      0x1ed ./Drivers/STM32F1xx_HAL_Driver/Src/stm32f1xx_hal.o
 .debug_abbrev  0x00000000000019dd      0x313 ./Drivers/STM32F1xx_HAL_Driver/Src/stm32f1xx_hal_cortex.o
 .debug_abbrev  0x0000000000001cf0      0x228 ./Drivers/STM32F1xx_HAL_Driver/Src/stm32f1xx_hal_dma.o
 .debug_abbrev  0x0000000000001f18      0x1e8 ./Drivers/STM32F1xx_HAL_Driver/Src/stm32f1xx_hal_gpio.o
 .debug_abbrev  0x0000000000002100      0x288 ./Drivers/STM32F1xx_HAL_Driver/Src/stm32f1xx_hal_i2c.o
 .debug_abbrev  0x0000000000002388      0x273 ./Drivers/STM32F1xx_HAL_Driver/Src/stm32f1xx_hal_rcc.o
 .debug_abbrev  0x00000000000025fb      0x25e ./Drivers/STM32F1xx_HAL_Driver/Src/stm32f1xx_hal_tim.o
 .debug_abbrev  0x0000000000002859      0x266 ./Drivers/STM32F1xx_HAL_Driver/Src/stm32f1xx_hal_tim_ex.o

.debug_aranges  0x0000000000000000      0xe78
 .debug_aranges
                0x0000000000000000       0x50 ./Core/Src/dds.o
 .debug_aranges
                0x0000000000000050       0x20 ./Core/Src/dma.o
 .debug_aranges
                0x0000000000000070       0x20 ./Core/Src/gpio.o
 .debug_aranges
                0x0000000000000090       0x30 ./Core/Src/i2c.o
 .debug_aranges
                0x00000000000000c0       0x38 ./Core/Src/main.o
 .debug_aranges
                0x00000000000000f8       0x40 ./Core/Src/menu.o
 .debug_aranges
                0x0000000000000138       0x20 ./Core/Src/rotary_encoder.o
 .debug_aranges
                0x0000000000000158       0x70 ./Core/Src/ssd1306.o
 .debug_aranges
                0x00000000000001c8       0x20 ./Core/Src/ssd1306_font.o
 .debug_aranges
                0x00000000000001e8       0x20 ./Core/Src/stm32f1xx_hal_msp.o
 .debug_aranges
                0x0000000000000208       0x70 ./Core/Src/stm32f1xx_it.o
 .debug_aranges
                0x0000000000000278       0x20 ./Core/Src/sysmem.o
 .debug_aranges
                0x0000000000000298       0x28 ./Core/Src/system_stm32f1xx.o
 .debug_aranges
                0x00000000000002c0       0x70 ./Core/Src/tim.o
 .debug_aranges
                0x0000000000000330       0x28 ./Core/Startup/startup_stm32f103c8tx.o
 .debug_aranges
                0x0000000000000358       0xe0 ./Drivers/STM32F1xx_HAL_Driver/Src/stm32f1xx_hal.o
 .debug_aranges
                0x0000000000000438      0x100 ./Drivers/STM32F1xx_HAL_Driver/Src/stm32f1xx_hal_cortex.o
 .debug_aranges
                0x0000000000000538       0x80 ./Drivers/STM32F1xx_HAL_Driver/Src/stm32f1xx_hal_dma.o
 .debug_aranges
                0x00000000000005b8       0x58 ./Drivers/STM32F1xx_HAL_Driver/Src/stm32f1xx_hal_gpio.o
 .debug_aranges
                0x0000000000000610      0x2a0 ./Drivers/STM32F1xx_HAL_Driver/Src/stm32f1xx_hal_i2c.o
 .debug_aranges
                0x00000000000008b0       0x90 ./Drivers/STM32F1xx_HAL_Driver/Src/stm32f1xx_hal_rcc.o
 .debug_aranges
                0x0000000000000940      0x3d0 ./Drivers/STM32F1xx_HAL_Driver/Src/stm32f1xx_hal_tim.o
 .debug_aranges
                0x0000000000000d10      0x168 ./Drivers/STM32F1xx_HAL_Driver/Src/stm32f1xx_hal_tim_ex.o

.debug_ranges   0x0000000000000000      0xd68
 .debug_ranges  0x0000000000000000       0x40 ./Core/Src/dds.o
 .debug_ranges  0x0000000000000040       0x10 ./Core/Src/dma.o
 .debug_ranges  0x0000000000000050       0x10 ./Core/Src/gpio.o
 .debug_ranges  0x0000000000000060       0x20 ./Core/Src/i2c.o
 .debug_ranges  0x0000000000000080       0x28 ./Core/Src/main.o
 .debug_ranges  0x00000000000000a8       0x60 ./Core/Src/menu.o
 .debug_ranges  0x0000000000000108       0x10 ./Core/Src/rotary_encoder.o
 .debug_ranges  0x0000000000000118       0x60 ./Core/Src/ssd1306.o
 .debug_ranges  0x0000000000000178       0x10 ./Core/Src/ssd1306_font.o
 .debug_ranges  0x0000000000000188       0x10 ./Core/Src/stm32f1xx_hal_msp.o
 .debug_ranges  0x0000000000000198       0x60 ./Core/Src/stm32f1xx_it.o
 .debug_ranges  0x00000000000001f8       0x10 ./Core/Src/sysmem.o
 .debug_ranges  0x0000000000000208       0x18 ./Core/Src/system_stm32f1xx.o
 .debug_ranges  0x0000000000000220       0x60 ./Core/Src/tim.o
 .debug_ranges  0x0000000000000280       0x20 ./Core/Startup/startup_stm32f103c8tx.o
 .debug_ranges  0x00000000000002a0       0xd0 ./Drivers/STM32F1xx_HAL_Driver/Src/stm32f1xx_hal.o
 .debug_ranges  0x0000000000000370       0xf0 ./Drivers/STM32F1xx_HAL_Driver/Src/stm32f1xx_hal_cortex.o
 .debug_ranges  0x0000000000000460       0x70 ./Drivers/STM32F1xx_HAL_Driver/Src/stm32f1xx_hal_dma.o
 .debug_ranges  0x00000000000004d0       0x48 ./Drivers/STM32F1xx_HAL_Driver/Src/stm32f1xx_hal_gpio.o
 .debug_ranges  0x0000000000000518      0x2b8 ./Drivers/STM32F1xx_HAL_Driver/Src/stm32f1xx_hal_i2c.o
 .debug_ranges  0x00000000000007d0       0x80 ./Drivers/STM32F1xx_HAL_Driver/Src/stm32f1xx_hal_rcc.o
 .debug_ranges  0x0000000000000850      0x3c0 ./Drivers/STM32F1xx_HAL_Driver/Src/stm32f1xx_hal_tim.o
 .debug_ranges  0x0000000000000c10      0x158 ./Drivers/STM32F1xx_HAL_Driver/Src/stm32f1xx_hal_tim_ex.o

.debug_macro    0x0000000000000000    0x18c27
 .debug_macro   0x0000000000000000      0x1b2 ./Core/Src/dds.o
 .debug_macro   0x00000000000001b2      0xa9c ./Core/Src/dds.o
 .debug_macro   0x0000000000000c4e      0x221 ./Core/Src/dds.o
 .debug_macro   0x0000000000000e6f       0x2e ./Core/Src/dds.o
 .debug_macro   0x0000000000000e9d       0x22 ./Core/Src/dds.o
 .debug_macro   0x0000000000000ebf       0x22 ./Core/Src/dds.o
 .debug_macro   0x0000000000000ee1       0x8e ./Core/Src/dds.o
 .debug_macro   0x0000000000000f6f       0x51 ./Core/Src/dds.o
 .debug_macro   0x0000000000000fc0      0x103 ./Core/Src/dds.o
 .debug_macro   0x00000000000010c3       0x6a ./Core/Src/dds.o
 .debug_macro   0x000000000000112d      0x1df ./Core/Src/dds.o
 .debug_macro   0x000000000000130c       0x1c ./Core/Src/dds.o
 .debug_macro   0x0000000000001328       0x22 ./Core/Src/dds.o
 .debug_macro   0x000000000000134a       0xc3 ./Core/Src/dds.o
 .debug_macro   0x000000000000140d      0xd23 ./Core/Src/dds.o
 .debug_macro   0x0000000000002130     0xe09e ./Core/Src/dds.o
 .debug_macro   0x00000000000101ce       0x6d ./Core/Src/dds.o
 .debug_macro   0x000000000001023b     0x3468 ./Core/Src/dds.o
 .debug_macro   0x00000000000136a3      0x174 ./Core/Src/dds.o
 .debug_macro   0x0000000000013817       0x5c ./Core/Src/dds.o
 .debug_macro   0x0000000000013873      0x5be ./Core/Src/dds.o
 .debug_macro   0x0000000000013e31      0x289 ./Core/Src/dds.o
 .debug_macro   0x00000000000140ba      0x1cb ./Core/Src/dds.o
 .debug_macro   0x0000000000014285      0x114 ./Core/Src/dds.o
 .debug_macro   0x0000000000014399      0x1b2 ./Core/Src/dds.o
 .debug_macro   0x000000000001454b       0x27 ./Core/Src/dds.o
 .debug_macro   0x0000000000014572      0x136 ./Core/Src/dds.o
 .debug_macro   0x00000000000146a8      0x1bc ./Core/Src/dds.o
 .debug_macro   0x0000000000014864       0x34 ./Core/Src/dds.o
 .debug_macro   0x0000000000014898       0x3c ./Core/Src/dds.o
 .debug_macro   0x00000000000148d4       0x57 ./Core/Src/dds.o
 .debug_macro   0x000000000001492b       0x88 ./Core/Src/dds.o
 .debug_macro   0x00000000000149b3      0x241 ./Core/Src/dds.o
 .debug_macro   0x0000000000014bf4      0x287 ./Core/Src/dds.o
 .debug_macro   0x0000000000014e7b      0x141 ./Core/Src/dds.o
 .debug_macro   0x0000000000014fbc      0x8d1 ./Core/Src/dds.o
 .debug_macro   0x000000000001588d       0x83 ./Core/Src/dds.o
 .debug_macro   0x0000000000015910       0x40 ./Core/Src/dds.o
 .debug_macro   0x0000000000015950      0x1bc ./Core/Src/dma.o
 .debug_macro   0x0000000000015b0c       0x70 ./Core/Src/dma.o
 .debug_macro   0x0000000000015b7c      0x1bc ./Core/Src/gpio.o
 .debug_macro   0x0000000000015d38      0x1bc ./Core/Src/i2c.o
 .debug_macro   0x0000000000015ef4      0x226 ./Core/Src/main.o
 .debug_macro   0x000000000001611a       0x46 ./Core/Src/main.o
 .debug_macro   0x0000000000016160      0x118 ./Core/Src/main.o
 .debug_macro   0x0000000000016278      0x344 ./Core/Src/menu.o
 .debug_macro   0x00000000000165bc       0x52 ./Core/Src/menu.o
 .debug_macro   0x000000000001660e       0x18 ./Core/Src/menu.o
 .debug_macro   0x0000000000016626       0x3c ./Core/Src/menu.o
 .debug_macro   0x0000000000016662       0x34 ./Core/Src/menu.o
 .debug_macro   0x0000000000016696       0x16 ./Core/Src/menu.o
 .debug_macro   0x00000000000166ac       0x35 ./Core/Src/menu.o
 .debug_macro   0x00000000000166e1      0x333 ./Core/Src/menu.o
 .debug_macro   0x0000000000016a14       0x10 ./Core/Src/menu.o
 .debug_macro   0x0000000000016a24       0x16 ./Core/Src/menu.o
 .debug_macro   0x0000000000016a3a       0x43 ./Core/Src/menu.o
 .debug_macro   0x0000000000016a7d       0x34 ./Core/Src/menu.o
 .debug_macro   0x0000000000016ab1       0x10 ./Core/Src/menu.o
 .debug_macro   0x0000000000016ac1       0x58 ./Core/Src/menu.o
 .debug_macro   0x0000000000016b19       0x71 ./Core/Src/menu.o
 .debug_macro   0x0000000000016b8a       0x1c ./Core/Src/menu.o
 .debug_macro   0x0000000000016ba6      0x12a ./Core/Src/menu.o
 .debug_macro   0x0000000000016cd0       0x10 ./Core/Src/menu.o
 .debug_macro   0x0000000000016ce0       0x1c ./Core/Src/menu.o
 .debug_macro   0x0000000000016cfc       0x52 ./Core/Src/menu.o
 .debug_macro   0x0000000000016d4e       0x22 ./Core/Src/menu.o
 .debug_macro   0x0000000000016d70       0x10 ./Core/Src/menu.o
 .debug_macro   0x0000000000016d80       0x40 ./Core/Src/menu.o
 .debug_macro   0x0000000000016dc0       0xd5 ./Core/Src/menu.o
 .debug_macro   0x0000000000016e95       0x1c ./Core/Src/menu.o
 .debug_macro   0x0000000000016eb1       0x3d ./Core/Src/menu.o
 .debug_macro   0x0000000000016eee       0x16 ./Core/Src/menu.o
 .debug_macro   0x0000000000016f04      0x145 ./Core/Src/menu.o
 .debug_macro   0x0000000000017049      0x1ad ./Core/Src/rotary_encoder.o
 .debug_macro   0x00000000000171f6      0x1bc ./Core/Src/ssd1306.o
 .debug_macro   0x00000000000173b2       0x6d ./Core/Src/ssd1306_font.o
 .debug_macro   0x000000000001741f      0x1b2 ./Core/Src/stm32f1xx_hal_msp.o
 .debug_macro   0x00000000000175d1      0x1bc ./Core/Src/stm32f1xx_it.o
 .debug_macro   0x000000000001778d       0xff ./Core/Src/sysmem.o
 .debug_macro   0x000000000001788c      0x23b ./Core/Src/sysmem.o
 .debug_macro   0x0000000000017ac7      0x1a3 ./Core/Src/system_stm32f1xx.o
 .debug_macro   0x0000000000017c6a      0x1bc ./Core/Src/tim.o
 .debug_macro   0x0000000000017e26      0x1c7 ./Drivers/STM32F1xx_HAL_Driver/Src/stm32f1xx_hal.o
 .debug_macro   0x0000000000017fed      0x1a3 ./Drivers/STM32F1xx_HAL_Driver/Src/stm32f1xx_hal_cortex.o
 .debug_macro   0x0000000000018190      0x1a3 ./Drivers/STM32F1xx_HAL_Driver/Src/stm32f1xx_hal_dma.o
 .debug_macro   0x0000000000018333      0x20e ./Drivers/STM32F1xx_HAL_Driver/Src/stm32f1xx_hal_gpio.o
 .debug_macro   0x0000000000018541      0x1ea ./Drivers/STM32F1xx_HAL_Driver/Src/stm32f1xx_hal_i2c.o
 .debug_macro   0x000000000001872b      0x1b5 ./Drivers/STM32F1xx_HAL_Driver/Src/stm32f1xx_hal_rcc.o
 .debug_macro   0x00000000000188e0      0x1a4 ./Drivers/STM32F1xx_HAL_Driver/Src/stm32f1xx_hal_tim.o
 .debug_macro   0x0000000000018a84      0x1a3 ./Drivers/STM32F1xx_HAL_Driver/Src/stm32f1xx_hal_tim_ex.o

.debug_line     0x0000000000000000    0x123c3
 .debug_line    0x0000000000000000      0x7e2 ./Core/Src/dds.o
 .debug_line    0x00000000000007e2      0x653 ./Core/Src/dma.o
 .debug_line    0x0000000000000e35      0x67e ./Core/Src/gpio.o
 .debug_line    0x00000000000014b3      0x6bd ./Core/Src/i2c.o
 .debug_line    0x0000000000001b70      0x82b ./Core/Src/main.o
 .debug_line    0x000000000000239b      0xbb7 ./Core/Src/menu.o
 .debug_line    0x0000000000002f52      0x675 ./Core/Src/rotary_encoder.o
 .debug_line    0x00000000000035c7      0xb30 ./Core/Src/ssd1306.o
 .debug_line    0x00000000000040f7      0x392 ./Core/Src/ssd1306_font.o
 .debug_line    0x0000000000004489      0x659 ./Core/Src/stm32f1xx_hal_msp.o
 .debug_line    0x0000000000004ae2      0x74a ./Core/Src/stm32f1xx_it.o
 .debug_line    0x000000000000522c      0x4cb ./Core/Src/sysmem.o
 .debug_line    0x00000000000056f7      0x6d6 ./Core/Src/system_stm32f1xx.o
 .debug_line    0x0000000000005dcd      0x8b7 ./Core/Src/tim.o
 .debug_line    0x0000000000006684       0x87 ./Core/Startup/startup_stm32f103c8tx.o
 .debug_line    0x000000000000670b      0x903 ./Drivers/STM32F1xx_HAL_Driver/Src/stm32f1xx_hal.o
 .debug_line    0x000000000000700e      0xaeb ./Drivers/STM32F1xx_HAL_Driver/Src/stm32f1xx_hal_cortex.o
 .debug_line    0x0000000000007af9      0xd5b ./Drivers/STM32F1xx_HAL_Driver/Src/stm32f1xx_hal_dma.o
 .debug_line    0x0000000000008854      0x99a ./Drivers/STM32F1xx_HAL_Driver/Src/stm32f1xx_hal_gpio.o
 .debug_line    0x00000000000091ee     0x39ed ./Drivers/STM32F1xx_HAL_Driver/Src/stm32f1xx_hal_i2c.o
 .debug_line    0x000000000000cbdb      0xd11 ./Drivers/STM32F1xx_HAL_Driver/Src/stm32f1xx_hal_rcc.o
 .debug_line    0x000000000000d8ec     0x32ac ./Drivers/STM32F1xx_HAL_Driver/Src/stm32f1xx_hal_tim.o
 .debug_line    0x0000000000010b98     0x182b ./Drivers/STM32F1xx_HAL_Driver/Src/stm32f1xx_hal_tim_ex.o

.debug_str      0x0000000000000000    0x8baf0
 .debug_str     0x0000000000000000    0x83430 ./Core/Src/dds.o
                                      0x83834 (size before relaxing)
 .debug_str     0x0000000000083430      0x455 ./Core/Src/dma.o
                                      0x835b7 (size before relaxing)
 .debug_str     0x0000000000083885       0x6e ./Core/Src/gpio.o
                                      0x8335d (size before relaxing)
 .debug_str     0x00000000000838f3      0x2c9 ./Core/Src/i2c.o
                                      0x837e8 (size before relaxing)
 .debug_str     0x0000000000083bbc      0x96c ./Core/Src/main.o
                                      0x84576 (size before relaxing)
 .debug_str     0x0000000000084528     0x40c3 ./Core/Src/menu.o
                                      0x8833d (size before relaxing)
 .debug_str     0x00000000000885eb       0x30 ./Core/Src/rotary_encoder.o
                                      0x8367d (size before relaxing)
 .debug_str     0x000000000008861b      0x102 ./Core/Src/ssd1306.o
                                      0x83d0f (size before relaxing)
 .debug_str     0x000000000008871d       0x38 ./Core/Src/ssd1306_font.o
                                       0x3d0f (size before relaxing)
 .debug_str     0x0000000000088755       0x5a ./Core/Src/stm32f1xx_hal_msp.o
                                      0x83313 (size before relaxing)
 .debug_str     0x00000000000887af       0xf3 ./Core/Src/stm32f1xx_it.o
                                      0x83820 (size before relaxing)
 .debug_str     0x00000000000888a2      0x4e9 ./Core/Src/sysmem.o
                                       0x6268 (size before relaxing)
 .debug_str     0x0000000000088d8b       0x52 ./Core/Src/system_stm32f1xx.o
                                      0x83188 (size before relaxing)
 .debug_str     0x0000000000088ddd      0x2a9 ./Core/Src/tim.o
                                      0x83da4 (size before relaxing)
 .debug_str     0x0000000000089086       0x36 ./Core/Startup/startup_stm32f103c8tx.o
                                         0x7c (size before relaxing)
 .debug_str     0x00000000000890bc      0x2f2 ./Drivers/STM32F1xx_HAL_Driver/Src/stm32f1xx_hal.o
                                      0x83819 (size before relaxing)
 .debug_str     0x00000000000893ae      0x300 ./Drivers/STM32F1xx_HAL_Driver/Src/stm32f1xx_hal_cortex.o
                                      0x83821 (size before relaxing)
 .debug_str     0x00000000000896ae      0x235 ./Drivers/STM32F1xx_HAL_Driver/Src/stm32f1xx_hal_dma.o
                                      0x83563 (size before relaxing)
 .debug_str     0x00000000000898e3      0x31f ./Drivers/STM32F1xx_HAL_Driver/Src/stm32f1xx_hal_gpio.o
                                      0x8354c (size before relaxing)
 .debug_str     0x0000000000089c02      0xb47 ./Drivers/STM32F1xx_HAL_Driver/Src/stm32f1xx_hal_i2c.o
                                      0x841c4 (size before relaxing)
 .debug_str     0x000000000008a749      0x23f ./Drivers/STM32F1xx_HAL_Driver/Src/stm32f1xx_hal_rcc.o
                                      0x83585 (size before relaxing)
 .debug_str     0x000000000008a988      0xc7a ./Drivers/STM32F1xx_HAL_Driver/Src/stm32f1xx_hal_tim.o
                                      0x84557 (size before relaxing)
 .debug_str     0x000000000008b602      0x4ee ./Drivers/STM32F1xx_HAL_Driver/Src/stm32f1xx_hal_tim_ex.o
                                      0x83d08 (size before relaxing)

.comment        0x0000000000000000       0x53
 .comment       0x0000000000000000       0x53 ./Core/Src/dds.o
                                         0x54 (size before relaxing)
 .comment       0x0000000000000053       0x54 ./Core/Src/dma.o
 .comment       0x0000000000000053       0x54 ./Core/Src/gpio.o
 .comment       0x0000000000000053       0x54 ./Core/Src/i2c.o
 .comment       0x0000000000000053       0x54 ./Core/Src/main.o
 .comment       0x0000000000000053       0x54 ./Core/Src/menu.o
 .comment       0x0000000000000053       0x54 ./Core/Src/rotary_encoder.o
 .comment       0x0000000000000053       0x54 ./Core/Src/ssd1306.o
 .comment       0x0000000000000053       0x54 ./Core/Src/ssd1306_font.o
 .comment       0x0000000000000053       0x54 ./Core/Src/stm32f1xx_hal_msp.o
 .comment       0x0000000000000053       0x54 ./Core/Src/stm32f1xx_it.o
 .comment       0x0000000000000053       0x54 ./Core/Src/sysmem.o
 .comment       0x0000000000000053       0x54 ./Core/Src/system_stm32f1xx.o
 .comment       0x0000000000000053       0x54 ./Core/Src/tim.o
 .comment       0x0000000000000053       0x54 ./Drivers/STM32F1xx_HAL_Driver/Src/stm32f1xx_hal.o
 .comment       0x0000000000000053       0x54 ./Drivers/STM32F1xx_HAL_Driver/Src/stm32f1xx_hal_cortex.o
 .comment       0x0000000000000053       0x54 ./Drivers/STM32F1xx_HAL_Driver/Src/stm32f1xx_hal_dma.o
 .comment       0x0000000000000053       0x54 ./Drivers/STM32F1xx_HAL_Driver/Src/stm32f1xx_hal_gpio.o
 .comment       0x0000000000000053       0x54 ./Drivers/STM32F1xx_HAL_Driver/Src/stm32f1xx_hal_i2c.o
 .comment       0x0000000000000053       0x54 ./Drivers/STM32F1xx_HAL_Driver/Src/stm32f1xx_hal_rcc.o
 .comment       0x0000000000000053       0x54 ./Drivers/STM32F1xx_HAL_Driver/Src/stm32f1xx_hal_tim.o
 .comment       0x0000000000000053       0x54 ./Drivers/STM32F1xx_HAL_Driver/Src/stm32f1xx_hal_tim_ex.o

.debug_frame    0x0000000000000000     0x3e98
 .debug_frame   0x0000000000000000      0x118 ./Core/Src/dds.o
 .debug_frame   0x0000000000000118       0x34 ./Core/Src/dma.o
 .debug_frame   0x000000000000014c       0x34 ./Core/Src/gpio.o
 .debug_frame   0x0000000000000180       0x74 ./Core/Src/i2c.o
 .debug_frame   0x00000000000001f4       0x94 ./Core/Src/main.o
 .debug_frame   0x0000000000000288       0xcc ./Core/Src/menu.o
 .debug_frame   0x0000000000000354       0x38 ./Core/Src/rotary_encoder.o
 .debug_frame   0x000000000000038c      0x1ac ./Core/Src/ssd1306.o
 .debug_frame   0x0000000000000538       0x38 ./Core/Src/ssd1306_font.o
 .debug_frame   0x0000000000000570       0x38 ./Core/Src/stm32f1xx_hal_msp.o
 .debug_frame   0x00000000000005a8      0x13c ./Core/Src/stm32f1xx_it.o
 .debug_frame   0x00000000000006e4       0x34 ./Core/Src/sysmem.o
 .debug_frame   0x0000000000000718       0x58 ./Core/Src/system_stm32f1xx.o
 .debug_frame   0x0000000000000770      0x1a4 ./Core/Src/tim.o
 .debug_frame   0x0000000000000914      0x334 ./Drivers/STM32F1xx_HAL_Driver/Src/stm32f1xx_hal.o
 .debug_frame   0x0000000000000c48      0x428 ./Drivers/STM32F1xx_HAL_Driver/Src/stm32f1xx_hal_cortex.o
 .debug_frame   0x0000000000001070      0x208 ./Drivers/STM32F1xx_HAL_Driver/Src/stm32f1xx_hal_dma.o
 .debug_frame   0x0000000000001278      0x14c ./Drivers/STM32F1xx_HAL_Driver/Src/stm32f1xx_hal_gpio.o
 .debug_frame   0x00000000000013c4      0xc5c ./Drivers/STM32F1xx_HAL_Driver/Src/stm32f1xx_hal_i2c.o
 .debug_frame   0x0000000000002020      0x21c ./Drivers/STM32F1xx_HAL_Driver/Src/stm32f1xx_hal_rcc.o
 .debug_frame   0x000000000000223c     0x11b8 ./Drivers/STM32F1xx_HAL_Driver/Src/stm32f1xx_hal_tim.o
 .debug_frame   0x00000000000033f4      0x638 ./Drivers/STM32F1xx_HAL_Driver/Src/stm32f1xx_hal_tim_ex.o
 .debug_frame   0x0000000000003a2c       0x20 /opt/st/stm32cubeide_1.7.0/plugins/com.st.stm32cube.ide.mcu.externaltools.gnu-tools-for-stm32.9-2020-q2-update.linux64_2.0.0.202105311346/tools/bin/../lib/gcc/arm-none-eabi/9.3.1/../../../../arm-none-eabi/lib/thumb/v7-m/nofp/libc_nano.a(lib_a-errno.o)
 .debug_frame   0x0000000000003a4c       0x2c /opt/st/stm32cubeide_1.7.0/plugins/com.st.stm32cube.ide.mcu.externaltools.gnu-tools-for-stm32.9-2020-q2-update.linux64_2.0.0.202105311346/tools/bin/../lib/gcc/arm-none-eabi/9.3.1/../../../../arm-none-eabi/lib/thumb/v7-m/nofp/libc_nano.a(lib_a-init.o)
 .debug_frame   0x0000000000003a78       0x20 /opt/st/stm32cubeide_1.7.0/plugins/com.st.stm32cube.ide.mcu.externaltools.gnu-tools-for-stm32.9-2020-q2-update.linux64_2.0.0.202105311346/tools/bin/../lib/gcc/arm-none-eabi/9.3.1/../../../../arm-none-eabi/lib/thumb/v7-m/nofp/libc_nano.a(lib_a-memset.o)
 .debug_frame   0x0000000000003a98       0x6c /opt/st/stm32cubeide_1.7.0/plugins/com.st.stm32cube.ide.mcu.externaltools.gnu-tools-for-stm32.9-2020-q2-update.linux64_2.0.0.202105311346/tools/bin/../lib/gcc/arm-none-eabi/9.3.1/../../../../arm-none-eabi/lib/thumb/v7-m/nofp/libc_nano.a(lib_a-sprintf.o)
 .debug_frame   0x0000000000003b04       0x90 /opt/st/stm32cubeide_1.7.0/plugins/com.st.stm32cube.ide.mcu.externaltools.gnu-tools-for-stm32.9-2020-q2-update.linux64_2.0.0.202105311346/tools/bin/../lib/gcc/arm-none-eabi/9.3.1/../../../../arm-none-eabi/lib/thumb/v7-m/nofp/libc_nano.a(lib_a-nano-svfprintf.o)
 .debug_frame   0x0000000000003b94       0x60 /opt/st/stm32cubeide_1.7.0/plugins/com.st.stm32cube.ide.mcu.externaltools.gnu-tools-for-stm32.9-2020-q2-update.linux64_2.0.0.202105311346/tools/bin/../lib/gcc/arm-none-eabi/9.3.1/../../../../arm-none-eabi/lib/thumb/v7-m/nofp/libc_nano.a(lib_a-nano-vfprintf_i.o)
 .debug_frame   0x0000000000003bf4       0x28 /opt/st/stm32cubeide_1.7.0/plugins/com.st.stm32cube.ide.mcu.externaltools.gnu-tools-for-stm32.9-2020-q2-update.linux64_2.0.0.202105311346/tools/bin/../lib/gcc/arm-none-eabi/9.3.1/../../../../arm-none-eabi/lib/thumb/v7-m/nofp/libc_nano.a(lib_a-memchr-stub.o)
 .debug_frame   0x0000000000003c1c       0x28 /opt/st/stm32cubeide_1.7.0/plugins/com.st.stm32cube.ide.mcu.externaltools.gnu-tools-for-stm32.9-2020-q2-update.linux64_2.0.0.202105311346/tools/bin/../lib/gcc/arm-none-eabi/9.3.1/../../../../arm-none-eabi/lib/thumb/v7-m/nofp/libc_nano.a(lib_a-memcpy-stub.o)
 .debug_frame   0x0000000000003c44       0x28 /opt/st/stm32cubeide_1.7.0/plugins/com.st.stm32cube.ide.mcu.externaltools.gnu-tools-for-stm32.9-2020-q2-update.linux64_2.0.0.202105311346/tools/bin/../lib/gcc/arm-none-eabi/9.3.1/../../../../arm-none-eabi/lib/thumb/v7-m/nofp/libc_nano.a(lib_a-memmove.o)
 .debug_frame   0x0000000000003c6c       0x38 /opt/st/stm32cubeide_1.7.0/plugins/com.st.stm32cube.ide.mcu.externaltools.gnu-tools-for-stm32.9-2020-q2-update.linux64_2.0.0.202105311346/tools/bin/../lib/gcc/arm-none-eabi/9.3.1/../../../../arm-none-eabi/lib/thumb/v7-m/nofp/libc_nano.a(lib_a-nano-freer.o)
 .debug_frame   0x0000000000003ca4       0x30 /opt/st/stm32cubeide_1.7.0/plugins/com.st.stm32cube.ide.mcu.externaltools.gnu-tools-for-stm32.9-2020-q2-update.linux64_2.0.0.202105311346/tools/bin/../lib/gcc/arm-none-eabi/9.3.1/../../../../arm-none-eabi/lib/thumb/v7-m/nofp/libc_nano.a(lib_a-nano-mallocr.o)
 .debug_frame   0x0000000000003cd4       0x3c /opt/st/stm32cubeide_1.7.0/plugins/com.st.stm32cube.ide.mcu.externaltools.gnu-tools-for-stm32.9-2020-q2-update.linux64_2.0.0.202105311346/tools/bin/../lib/gcc/arm-none-eabi/9.3.1/../../../../arm-none-eabi/lib/thumb/v7-m/nofp/libc_nano.a(lib_a-nano-reallocr.o)
 .debug_frame   0x0000000000003d10       0x2c /opt/st/stm32cubeide_1.7.0/plugins/com.st.stm32cube.ide.mcu.externaltools.gnu-tools-for-stm32.9-2020-q2-update.linux64_2.0.0.202105311346/tools/bin/../lib/gcc/arm-none-eabi/9.3.1/../../../../arm-none-eabi/lib/thumb/v7-m/nofp/libc_nano.a(lib_a-sbrkr.o)
 .debug_frame   0x0000000000003d3c       0x30 /opt/st/stm32cubeide_1.7.0/plugins/com.st.stm32cube.ide.mcu.externaltools.gnu-tools-for-stm32.9-2020-q2-update.linux64_2.0.0.202105311346/tools/bin/../lib/gcc/arm-none-eabi/9.3.1/../../../../arm-none-eabi/lib/thumb/v7-m/nofp/libc_nano.a(lib_a-mlock.o)
 .debug_frame   0x0000000000003d6c       0x20 /opt/st/stm32cubeide_1.7.0/plugins/com.st.stm32cube.ide.mcu.externaltools.gnu-tools-for-stm32.9-2020-q2-update.linux64_2.0.0.202105311346/tools/bin/../lib/gcc/arm-none-eabi/9.3.1/../../../../arm-none-eabi/lib/thumb/v7-m/nofp/libc_nano.a(lib_a-nano-msizer.o)
 .debug_frame   0x0000000000003d8c       0x5c /opt/st/stm32cubeide_1.7.0/plugins/com.st.stm32cube.ide.mcu.externaltools.gnu-tools-for-stm32.9-2020-q2-update.linux64_2.0.0.202105311346/tools/bin/../lib/gcc/arm-none-eabi/9.3.1/../../../../arm-none-eabi/lib/thumb/v7-m/nofp/libc_nano.a(lib_a-reent.o)
 .debug_frame   0x0000000000003de8       0xb0 /opt/st/stm32cubeide_1.7.0/plugins/com.st.stm32cube.ide.mcu.externaltools.gnu-tools-for-stm32.9-2020-q2-update.linux64_2.0.0.202105311346/tools/bin/../lib/gcc/arm-none-eabi/9.3.1/../../../../arm-none-eabi/lib/thumb/v7-m/nofp/libc_nano.a(lib_a-lock.o)
